Mar 23 11:39:46 nikita-GE60-2PL kernel: [ 2237.753094] ACPI: EC: interrupt blocked
Mar 23 11:39:46 nikita-GE60-2PL kernel: [ 2237.773319] ACPI: Preparing to enter system sleep state S3
Mar 23 11:39:46 nikita-GE60-2PL kernel: [ 2237.774455] ACPI: EC: event blocked
Mar 23 11:39:46 nikita-GE60-2PL kernel: [ 2237.774455] ACPI: EC: EC stopped
Mar 23 11:39:46 nikita-GE60-2PL kernel: [ 2237.936684] ACPI: Low-level resume complete
Mar 23 11:39:46 nikita-GE60-2PL kernel: [ 2237.936738] ACPI: EC: EC started
Mar 23 11:39:46 nikita-GE60-2PL kernel: [ 2237.957680] ACPI: Waking up from system sleep state S3
Mar 23 11:39:46 nikita-GE60-2PL kernel: [ 2237.960315] ACPI: EC: interrupt unblocked
Mar 23 11:39:46 nikita-GE60-2PL kernel: [ 2237.980415] ACPI: EC: event unblocked
Mar 23 11:39:46 nikita-GE60-2PL kernel: [ 2240.963965] ata5.00: ACPI cmd ef/10:06:00:00:00:00 (SET FEATURES) succeeded
Mar 23 11:39:46 nikita-GE60-2PL kernel: [ 2240.963969] ata5.00: ACPI cmd f5/00:00:00:00:00:00 (SECURITY FREEZE LOCK) filtered out
Mar 23 11:39:46 nikita-GE60-2PL kernel: [ 2240.963972] ata5.00: ACPI cmd b1/c1:00:00:00:00:00 (DEVICE CONFIGURATION OVERLAY) filtered out
Mar 23 11:39:46 nikita-GE60-2PL kernel: [ 2240.965821] ata5.00: ACPI cmd ef/10:06:00:00:00:00 (SET FEATURES) succeeded
Mar 23 11:39:46 nikita-GE60-2PL kernel: [ 2240.965825] ata5.00: ACPI cmd f5/00:00:00:00:00:00 (SECURITY FREEZE LOCK) filtered out
Mar 23 11:39:46 nikita-GE60-2PL kernel: [ 2240.965828] ata5.00: ACPI cmd b1/c1:00:00:00:00:00 (DEVICE CONFIGURATION OVERLAY) filtered out
Mar 23 11:39:52 nikita-GE60-2PL kernel: [ 2246.943781] ACPI: \_SB_.PCI0.PEG0.PEGP: failed to evaluate _DSM
Mar 23 11:40:22 nikita-GE60-2PL kernel: [ 2277.921262] ACPI: \_SB_.PCI0.PEG0.PEGP: failed to evaluate _DSM
Mar 15 23:06:09 nikita-GE60-2PL systemd[1]: Stopping ACPI event daemon...
Mar 16 15:10:53 nikita-GE60-2PL kernel: [    0.000000] BIOS-e820: [mem 0x00000000ba719000-0x00000000ba71ffff] ACPI NVS
Mar 16 15:10:53 nikita-GE60-2PL kernel: [    0.000000] BIOS-e820: [mem 0x00000000cb2e2000-0x00000000cb2fffff] ACPI data
Mar 16 15:10:53 nikita-GE60-2PL kernel: [    0.000000] BIOS-e820: [mem 0x00000000cb300000-0x00000000cb9a4fff] ACPI NVS
Mar 16 15:10:53 nikita-GE60-2PL kernel: [    0.000000] reserve setup_data: [mem 0x00000000ba719000-0x00000000ba71ffff] ACPI NVS
Mar 16 15:10:53 nikita-GE60-2PL kernel: [    0.000000] reserve setup_data: [mem 0x00000000cb2e2000-0x00000000cb2fffff] ACPI data
Mar 16 15:10:53 nikita-GE60-2PL kernel: [    0.000000] reserve setup_data: [mem 0x00000000cb300000-0x00000000cb9a4fff] ACPI NVS
Mar 16 15:10:53 nikita-GE60-2PL kernel: [    0.000000] efi:  ESRT=0xcbf6b918  ACPI=0xcb2e8000  ACPI 2.0=0xcb2e8000  SMBIOS=0xcbf6b398 
Mar 16 15:10:53 nikita-GE60-2PL kernel: [    0.000000] ACPI: Early table checksum verification disabled
Mar 16 15:10:53 nikita-GE60-2PL kernel: [    0.000000] ACPI: RSDP 0x00000000CB2E8000 000024 (v02 MSI_NB)
Mar 16 15:10:53 nikita-GE60-2PL kernel: [    0.000000] ACPI: XSDT 0x00000000CB2E8098 0000B4 (v01 MSI_NB MEGABOOK 01072009 AMI  00010013)
Mar 16 15:10:53 nikita-GE60-2PL kernel: [    0.000000] ACPI: FACP 0x00000000CB2F78D0 00010C (v05 MSI_NB MEGABOOK 01072009 AMI  00010013)
Mar 16 15:10:53 nikita-GE60-2PL kernel: [    0.000000] ACPI: DSDT 0x00000000CB2E81E0 00F6F0 (v02 MSI_NB MEGABOOK 00000014 INTL 20120711)
Mar 16 15:10:53 nikita-GE60-2PL kernel: [    0.000000] ACPI: FACS 0x00000000CB9A4F80 000040
Mar 16 15:10:53 nikita-GE60-2PL kernel: [    0.000000] ACPI: APIC 0x00000000CB2F79E0 000092 (v03 MSI_NB MEGABOOK 01072009 AMI  00010013)
Mar 16 15:10:53 nikita-GE60-2PL kernel: [    0.000000] ACPI: FPDT 0x00000000CB2F7A78 000044 (v01 MSI_NB MEGABOOK 01072009 AMI  00010013)
Mar 16 15:10:53 nikita-GE60-2PL kernel: [    0.000000] ACPI: ASF! 0x00000000CB2F7AC0 0000A5 (v32 INTEL   HCG     00000001 TFSM 000F4240)
Mar 16 15:10:53 nikita-GE60-2PL kernel: [    0.000000] ACPI: MSDM 0x00000000CB2F7B68 000055 (v03 MSI_NB MEGABOOK 01072009 AMI  00010013)
Mar 16 15:10:53 nikita-GE60-2PL kernel: [    0.000000] ACPI: SSDT 0x00000000CB2F7BC0 000228 (v01 INTEL  sensrhub 00000000 INTL 20120711)
Mar 16 15:10:53 nikita-GE60-2PL kernel: [    0.000000] ACPI: SLIC 0x00000000CB2F7DE8 000176 (v01 MSI_NB MEGABOOK 01072009 AMI  00010013)
Mar 16 15:10:53 nikita-GE60-2PL kernel: [    0.000000] ACPI: SSDT 0x00000000CB2F7F60 000539 (v01 PmRef  Cpu0Ist  00003000 INTL 20120711)
Mar 16 15:10:53 nikita-GE60-2PL kernel: [    0.000000] ACPI: SSDT 0x00000000CB2F84A0 000AD8 (v01 PmRef  CpuPm    00003000 INTL 20120711)
Mar 16 15:10:53 nikita-GE60-2PL kernel: [    0.000000] ACPI: MCFG 0x00000000CB2F8F78 00003C (v01 MSI_NB MEGABOOK 01072009 MSFT 00000097)
Mar 16 15:10:53 nikita-GE60-2PL kernel: [    0.000000] ACPI: HPET 0x00000000CB2F8FB8 000038 (v01 MSI_NB MEGABOOK 01072009 AMI. 00000005)
Mar 16 15:10:53 nikita-GE60-2PL kernel: [    0.000000] ACPI: SSDT 0x00000000CB2F8FF0 000315 (v01 SataRe SataTabl 00001000 INTL 20120711)
Mar 16 15:10:53 nikita-GE60-2PL kernel: [    0.000000] ACPI: SSDT 0x00000000CB2F9308 003562 (v01 SaSsdt SaSsdt   00003000 INTL 20091112)
Mar 16 15:10:53 nikita-GE60-2PL kernel: [    0.000000] ACPI: SSDT 0x00000000CB2FC870 00168A (v01 SgRef  SgPeg    00001000 INTL 20120711)
Mar 16 15:10:53 nikita-GE60-2PL kernel: [    0.000000] ACPI: MSFF 0x00000000CB2FDF00 000029 (v01 MSI_NB MEGABOOK 00000010 AMI  00010013)
Mar 16 15:10:53 nikita-GE60-2PL kernel: [    0.000000] ACPI: BGRT 0x00000000CB2FDF30 000038 (v00 MSI_NB MEGABOOK 01072009 AMI  00010013)
Mar 16 15:10:53 nikita-GE60-2PL kernel: [    0.000000] ACPI: DMAR 0x00000000CB2FDF68 0000B8 (v01 INTEL  HSW      00000001 INTL 00000001)
Mar 16 15:10:53 nikita-GE60-2PL kernel: [    0.000000] ACPI: SSDT 0x00000000CB2FE020 001431 (v01 OptRef OptTabl  00001000 INTL 20120711)
Mar 16 15:10:53 nikita-GE60-2PL kernel: [    0.000000] ACPI: Local APIC address 0xfee00000
Mar 16 15:10:53 nikita-GE60-2PL kernel: [    0.000000] ACPI: PM-Timer IO Port: 0x1808
Mar 16 15:10:53 nikita-GE60-2PL kernel: [    0.000000] ACPI: Local APIC address 0xfee00000
Mar 16 15:10:53 nikita-GE60-2PL kernel: [    0.000000] ACPI: LAPIC_NMI (acpi_id[0xff] high edge lint[0x1])
Mar 16 15:10:53 nikita-GE60-2PL kernel: [    0.000000] ACPI: INT_SRC_OVR (bus 0 bus_irq 0 global_irq 2 dfl dfl)
Mar 16 15:10:53 nikita-GE60-2PL kernel: [    0.000000] ACPI: INT_SRC_OVR (bus 0 bus_irq 9 global_irq 9 high level)
Mar 16 15:10:53 nikita-GE60-2PL kernel: [    0.000000] ACPI: IRQ0 used by override.
Mar 16 15:10:53 nikita-GE60-2PL kernel: [    0.000000] ACPI: IRQ9 used by override.
Mar 16 15:10:53 nikita-GE60-2PL kernel: [    0.000000] Using ACPI (MADT) for SMP configuration information
Mar 16 15:10:53 nikita-GE60-2PL kernel: [    0.000000] ACPI: HPET id: 0x8086a701 base: 0xfed00000
Mar 16 15:10:53 nikita-GE60-2PL kernel: [    0.000000] ACPI: Core revision 20170831
Mar 16 15:10:53 nikita-GE60-2PL kernel: [    0.000000] ACPI: 8 ACPI AML tables successfully acquired and loaded
Mar 16 15:10:53 nikita-GE60-2PL kernel: [    0.044513] PM: Registering ACPI NVS region [mem 0xba719000-0xba71ffff] (28672 bytes)
Mar 16 15:10:53 nikita-GE60-2PL kernel: [    0.044513] PM: Registering ACPI NVS region [mem 0xcb300000-0xcb9a4fff] (6967296 bytes)
Mar 16 15:10:53 nikita-GE60-2PL kernel: [    0.044513] ACPI FADT declares the system doesn't support PCIe ASPM, so disable it
Mar 16 15:10:53 nikita-GE60-2PL kernel: [    0.044513] ACPI: bus type PCI registered
Mar 16 15:10:53 nikita-GE60-2PL kernel: [    0.044513] acpiphp: ACPI Hot Plug PCI Controller Driver version: 0.5
Mar 16 15:10:53 nikita-GE60-2PL kernel: [    0.045116] ACPI: Added _OSI(Module Device)
Mar 16 15:10:53 nikita-GE60-2PL kernel: [    0.045116] ACPI: Added _OSI(Processor Device)
Mar 16 15:10:53 nikita-GE60-2PL kernel: [    0.045116] ACPI: Added _OSI(3.0 _SCP Extensions)
Mar 16 15:10:53 nikita-GE60-2PL kernel: [    0.045116] ACPI: Added _OSI(Processor Aggregator Device)
Mar 16 15:10:53 nikita-GE60-2PL kernel: [    0.045116] ACPI: Added _OSI(Linux-Dell-Video)
Mar 16 15:10:53 nikita-GE60-2PL kernel: [    0.045116] ACPI: Added _OSI(Linux-Lenovo-NV-HDMI-Audio)
Mar 16 15:10:53 nikita-GE60-2PL kernel: [    0.045116] ACPI: Added _OSI(Linux-HPI-Hybrid-Graphics)
Mar 16 15:10:53 nikita-GE60-2PL kernel: [    0.045116] ACPI: Executed 1 blocks of module-level executable AML code
Mar 16 15:10:53 nikita-GE60-2PL kernel: [    0.052308] ACPI Error: No handler for Region [EC__] (        (ptrval)) [EmbeddedControl] (20170831/evregion-166)
Mar 16 15:10:53 nikita-GE60-2PL kernel: [    0.052312] ACPI Error: Region EmbeddedControl (ID=3) has no handler (20170831/exfldio-299)
Mar 16 15:10:53 nikita-GE60-2PL systemd[1]: Started ACPI Events Check.
Mar 16 15:10:53 nikita-GE60-2PL systemd[1]: Listening on ACPID Listen Socket.
Mar 16 15:10:53 nikita-GE60-2PL kernel: [    0.052325] ACPI Error: Method parse/execution failed \_SB.PCI0.LPCB.EC._REG, AE_NOT_EXIST (20170831/psparse-550)
Mar 16 15:10:53 nikita-GE60-2PL kernel: [    0.053301] ACPI: [Firmware Bug]: BIOS _OSI(Linux) query ignored
Mar 16 15:10:53 nikita-GE60-2PL kernel: [    0.054507] ACPI: Dynamic OEM Table Load:
Mar 16 15:10:53 nikita-GE60-2PL kernel: [    0.054507] ACPI: SSDT 0xFFFF9E3525BEA000 0003D3 (v01 PmRef  Cpu0Cst  00003001 INTL 20120711)
Mar 16 15:10:53 nikita-GE60-2PL kernel: [    0.054507] ACPI: Dynamic OEM Table Load:
Mar 16 15:10:53 nikita-GE60-2PL kernel: [    0.054507] ACPI: SSDT 0xFFFF9E3525972000 0005AA (v01 PmRef  ApIst    00003000 INTL 20120711)
Mar 16 15:10:53 nikita-GE60-2PL kernel: [    0.054507] ACPI: Dynamic OEM Table Load:
Mar 16 15:10:53 nikita-GE60-2PL kernel: [    0.054507] ACPI: SSDT 0xFFFF9E3525A87E00 000119 (v01 PmRef  ApCst    00003000 INTL 20120711)
Mar 16 15:10:53 nikita-GE60-2PL kernel: [    0.057957] ACPI: EC: EC started
Mar 16 15:10:53 nikita-GE60-2PL kernel: [    0.057958] ACPI: EC: interrupt blocked
Mar 16 15:10:53 nikita-GE60-2PL kernel: [    0.057958] ACPI: \_SB_.PCI0.LPCB.EC__: Used as first EC
Mar 16 15:10:53 nikita-GE60-2PL kernel: [    0.057958] ACPI: \_SB_.PCI0.LPCB.EC__: GPE=0x17, EC_CMD/EC_SC=0x66, EC_DATA=0x62
Mar 16 15:10:53 nikita-GE60-2PL kernel: [    0.057958] ACPI: \_SB_.PCI0.LPCB.EC__: Used as boot DSDT EC to handle transactions
Mar 16 15:10:53 nikita-GE60-2PL kernel: [    0.057958] ACPI: Interpreter enabled
Mar 16 15:10:53 nikita-GE60-2PL kernel: [    0.057958] ACPI: (supports S0 S3 S4 S5)
Mar 16 15:10:53 nikita-GE60-2PL kernel: [    0.057958] ACPI: Using IOAPIC for interrupt routing
Mar 16 15:10:53 nikita-GE60-2PL kernel: [    0.057958] PCI: Using host bridge windows from ACPI; if necessary, use "pci=nocrs" and report a bug
Mar 16 15:10:53 nikita-GE60-2PL kernel: [    0.057958] ACPI: Enabled 6 GPEs in block 00 to 3F
Mar 16 15:10:53 nikita-GE60-2PL kernel: [    0.069951] ACPI: Power Resource [NVP3] (on)
Mar 16 15:10:53 nikita-GE60-2PL kernel: [    0.069973] ACPI: Power Resource [NVP2] (on)
Mar 16 15:10:53 nikita-GE60-2PL kernel: [    0.073886] ACPI: PCI Root Bridge [PCI0] (domain 0000 [bus 00-3e])
Mar 16 15:10:53 nikita-GE60-2PL systemd[1]: Started ACPI event daemon.
Mar 16 15:10:53 nikita-GE60-2PL kernel: [    0.125656] ACPI: PCI Interrupt Link [LNKA] (IRQs 3 4 5 6 10 11 12 14 15) *0, disabled.
Mar 16 15:10:53 nikita-GE60-2PL kernel: [    0.125709] ACPI: PCI Interrupt Link [LNKB] (IRQs 3 4 5 6 10 11 12 14 15) *0, disabled.
Mar 16 15:10:53 nikita-GE60-2PL kernel: [    0.125760] ACPI: PCI Interrupt Link [LNKC] (IRQs 3 4 5 6 10 11 12 14 15) *0, disabled.
Mar 16 15:10:53 nikita-GE60-2PL kernel: [    0.125811] ACPI: PCI Interrupt Link [LNKD] (IRQs 3 4 5 6 10 11 12 14 15) *0, disabled.
Mar 16 15:10:53 nikita-GE60-2PL kernel: [    0.125863] ACPI: PCI Interrupt Link [LNKE] (IRQs 3 4 5 6 10 11 12 14 15) *0, disabled.
Mar 16 15:10:53 nikita-GE60-2PL kernel: [    0.125913] ACPI: PCI Interrupt Link [LNKF] (IRQs 3 4 5 6 10 11 12 14 15) *0, disabled.
Mar 16 15:10:53 nikita-GE60-2PL kernel: [    0.125963] ACPI: PCI Interrupt Link [LNKG] (IRQs 3 4 5 6 10 11 12 14 15) *0, disabled.
Mar 16 15:10:53 nikita-GE60-2PL kernel: [    0.126014] ACPI: PCI Interrupt Link [LNKH] (IRQs 3 4 5 6 10 11 12 14 15) *0, disabled.
Mar 16 15:10:53 nikita-GE60-2PL kernel: [    0.126212] ACPI: EC: interrupt unblocked
Mar 16 15:10:53 nikita-GE60-2PL kernel: [    0.126217] ACPI: EC: event unblocked
Mar 16 15:10:53 nikita-GE60-2PL kernel: [    0.126222] ACPI: \_SB_.PCI0.LPCB.EC__: GPE=0x17, EC_CMD/EC_SC=0x66, EC_DATA=0x62
Mar 16 15:10:53 nikita-GE60-2PL kernel: [    0.126223] ACPI: \_SB_.PCI0.LPCB.EC__: Used as boot DSDT EC to handle transactions and events
Mar 16 15:10:53 nikita-GE60-2PL kernel: [    0.126386] ACPI: bus type USB registered
Mar 16 15:10:53 nikita-GE60-2PL kernel: [    0.129974] PCI: Using ACPI for IRQ routing
Mar 16 15:10:53 nikita-GE60-2PL kernel: [    0.139865] pnp: PnP ACPI init
Mar 16 15:10:53 nikita-GE60-2PL kernel: [    0.139973] system 00:00: Plug and Play ACPI device, IDs PNP0c01 (active)
Mar 16 15:10:53 nikita-GE60-2PL kernel: [    0.140176] system 00:01: Plug and Play ACPI device, IDs PNP0c02 (active)
Mar 16 15:10:53 nikita-GE60-2PL kernel: [    0.140195] pnp 00:02: Plug and Play ACPI device, IDs PNP0b00 (active)
Mar 16 15:10:53 nikita-GE60-2PL kernel: [    0.140237] system 00:03: Plug and Play ACPI device, IDs INT3f0d PNP0c02 (active)
Mar 16 15:10:53 nikita-GE60-2PL kernel: [    0.140280] system 00:04: Plug and Play ACPI device, IDs PNP0c02 (active)
Mar 16 15:10:53 nikita-GE60-2PL kernel: [    0.140753] pnp 00:05: Plug and Play ACPI device, IDs PNP030b (active)
Mar 16 15:10:53 nikita-GE60-2PL kernel: [    0.140797] pnp 00:06: Plug and Play ACPI device, IDs ETD0300 PNP0f13 (active)
Mar 16 15:10:53 nikita-GE60-2PL kernel: [    0.141432] system 00:07: Plug and Play ACPI device, IDs PNP0c02 (active)
Mar 16 15:10:53 nikita-GE60-2PL kernel: [    0.141725] pnp: PnP ACPI: found 8 devices
Mar 16 15:10:53 nikita-GE60-2PL kernel: [    0.571741] ACPI: AC Adapter [ADP1] (on-line)
Mar 16 15:10:53 nikita-GE60-2PL kernel: [    0.571816] ACPI: Lid Switch [LID0]
Mar 16 15:10:53 nikita-GE60-2PL kernel: [    0.571860] ACPI: Power Button [PWRB]
Mar 16 15:10:53 nikita-GE60-2PL kernel: [    0.571892] ACPI: Sleep Button [SLPB]
Mar 16 15:10:53 nikita-GE60-2PL kernel: [    0.571934] ACPI: Power Button [PWRF]
Mar 16 15:10:53 nikita-GE60-2PL kernel: [    0.573058] ACPI: Thermal Zone [THRM] (62 C)
Mar 16 15:10:53 nikita-GE60-2PL kernel: [    0.684138] ACPI: Battery Slot [BAT1] (battery present)
Mar 16 15:10:53 nikita-GE60-2PL kernel: [    1.391494] ata5.00: ACPI cmd ef/10:06:00:00:00:00 (SET FEATURES) succeeded
Mar 16 15:10:53 nikita-GE60-2PL kernel: [    1.391496] ata5.00: ACPI cmd f5/00:00:00:00:00:00 (SECURITY FREEZE LOCK) filtered out
Mar 16 15:10:53 nikita-GE60-2PL kernel: [    1.391499] ata5.00: ACPI cmd b1/c1:00:00:00:00:00 (DEVICE CONFIGURATION OVERLAY) filtered out
Mar 16 15:10:53 nikita-GE60-2PL kernel: [    1.392861] ata5.00: ACPI cmd ef/10:06:00:00:00:00 (SET FEATURES) succeeded
Mar 16 15:10:53 nikita-GE60-2PL kernel: [    1.392863] ata5.00: ACPI cmd f5/00:00:00:00:00:00 (SECURITY FREEZE LOCK) filtered out
Mar 16 15:10:53 nikita-GE60-2PL kernel: [    1.392865] ata5.00: ACPI cmd b1/c1:00:00:00:00:00 (DEVICE CONFIGURATION OVERLAY) filtered out
Mar 16 15:10:53 nikita-GE60-2PL kernel: [   22.186963] ACPI Warning: SystemIO range 0x0000000000001828-0x000000000000182F conflicts with OpRegion 0x0000000000001800-0x000000000000187F (\PMIO) (20170831/utaddress-247)
Mar 16 15:10:53 nikita-GE60-2PL kernel: [   22.186968] ACPI: If an ACPI driver is available for this device, you should use it instead of the native driver
Mar 16 15:10:53 nikita-GE60-2PL kernel: [   22.186971] ACPI Warning: SystemIO range 0x0000000000001C40-0x0000000000001C4F conflicts with OpRegion 0x0000000000001C00-0x0000000000001FFF (\GPR) (20170831/utaddress-247)
Mar 16 15:10:53 nikita-GE60-2PL kernel: [   22.186974] ACPI Warning: SystemIO range 0x0000000000001C40-0x0000000000001C4F conflicts with OpRegion 0x0000000000001C00-0x0000000000001C5F (\_SB.PCI0.PEG0.PEGP.GPR) (20170831/utaddress-247)
Mar 16 15:10:53 nikita-GE60-2PL kernel: [   22.186977] ACPI: If an ACPI driver is available for this device, you should use it instead of the native driver
Mar 16 15:10:53 nikita-GE60-2PL kernel: [   22.186978] ACPI Warning: SystemIO range 0x0000000000001C30-0x0000000000001C3F conflicts with OpRegion 0x0000000000001C00-0x0000000000001C3F (\GPRL) (20170831/utaddress-247)
Mar 16 15:10:53 nikita-GE60-2PL kernel: [   22.186980] ACPI Warning: SystemIO range 0x0000000000001C30-0x0000000000001C3F conflicts with OpRegion 0x0000000000001C00-0x0000000000001FFF (\GPR) (20170831/utaddress-247)
Mar 16 15:10:53 nikita-GE60-2PL kernel: [   22.186983] ACPI Warning: SystemIO range 0x0000000000001C30-0x0000000000001C3F conflicts with OpRegion 0x0000000000001C00-0x0000000000001C5F (\_SB.PCI0.PEG0.PEGP.GPR) (20170831/utaddress-247)
Mar 16 15:10:53 nikita-GE60-2PL kernel: [   22.186985] ACPI: If an ACPI driver is available for this device, you should use it instead of the native driver
Mar 16 15:10:53 nikita-GE60-2PL kernel: [   22.186986] ACPI Warning: SystemIO range 0x0000000000001C00-0x0000000000001C2F conflicts with OpRegion 0x0000000000001C00-0x0000000000001C3F (\GPRL) (20170831/utaddress-247)
Mar 16 15:10:53 nikita-GE60-2PL kernel: [   22.186988] ACPI Warning: SystemIO range 0x0000000000001C00-0x0000000000001C2F conflicts with OpRegion 0x0000000000001C00-0x0000000000001FFF (\GPR) (20170831/utaddress-247)
Mar 16 15:10:53 nikita-GE60-2PL kernel: [   22.186990] ACPI Warning: SystemIO range 0x0000000000001C00-0x0000000000001C2F conflicts with OpRegion 0x0000000000001C00-0x0000000000001C5F (\_SB.PCI0.PEG0.PEGP.GPR) (20170831/utaddress-247)
Mar 16 15:10:53 nikita-GE60-2PL kernel: [   22.186993] ACPI: If an ACPI driver is available for this device, you should use it instead of the native driver
Mar 16 15:10:53 nikita-GE60-2PL kernel: [   23.088365] [Firmware Bug]: ACPI(PEGP) defines _DOD but not _DOS
Mar 16 15:10:53 nikita-GE60-2PL kernel: [   23.089307] ACPI: Video Device [PEGP] (multi-head: yes  rom: yes  post: no)
Mar 16 15:10:53 nikita-GE60-2PL kernel: [   23.089313] ACPI Error: [\_SB_.PCI0.GFX0.DD02._BCL] Namespace lookup failure, AE_NOT_FOUND (20170831/psargs-364)
Mar 16 15:10:53 nikita-GE60-2PL kernel: [   23.089322] ACPI Error: Method parse/execution failed \_SB.PCI0.PEG0.PEGP.DD02._BCL, AE_NOT_FOUND (20170831/psparse-550)
Mar 16 15:10:53 nikita-GE60-2PL kernel: [   23.090520] ACPI: Video Device [GFX0] (multi-head: yes  rom: no  post: no)
Mar 16 15:10:53 nikita-GE60-2PL kernel: [   24.504590] ACPI Warning: \_SB.PCI0.PEG0.PEGP._DSM: Argument #4 type mismatch - Found [Buffer], ACPI requires [Package] (20170831/nsarguments-100)
Mar 16 15:11:00 nikita-GE60-2PL kernel: [   37.856467] ACPI: \_SB_.PCI0.PEG0.PEGP: failed to evaluate _DSM
Mar 16 15:11:08 nikita-GE60-2PL kernel: [   45.896389] ACPI: \_SB_.PCI0.PEG0.PEGP: failed to evaluate _DSM
Mar 16 12:11:59 nikita-GE60-2PL kernel: [   98.896402] ACPI: \_SB_.PCI0.PEG0.PEGP: failed to evaluate _DSM
Mar 16 13:34:37 nikita-GE60-2PL systemd[1]: Stopping ACPI event daemon...
Mar 23 12:39:04 nikita-GE60-2PL kernel: [    0.000000] BIOS-e820: [mem 0x00000000ba719000-0x00000000ba71ffff] ACPI NVS
Mar 23 12:39:04 nikita-GE60-2PL kernel: [    0.000000] BIOS-e820: [mem 0x00000000cb2e2000-0x00000000cb2fffff] ACPI data
Mar 23 12:39:04 nikita-GE60-2PL kernel: [    0.000000] BIOS-e820: [mem 0x00000000cb300000-0x00000000cb9a4fff] ACPI NVS
Mar 23 12:39:04 nikita-GE60-2PL kernel: [    0.000000] reserve setup_data: [mem 0x00000000ba719000-0x00000000ba71ffff] ACPI NVS
Mar 23 12:39:04 nikita-GE60-2PL kernel: [    0.000000] reserve setup_data: [mem 0x00000000cb2e2000-0x00000000cb2fffff] ACPI data
Mar 23 12:39:04 nikita-GE60-2PL kernel: [    0.000000] reserve setup_data: [mem 0x00000000cb300000-0x00000000cb9a4fff] ACPI NVS
Mar 23 12:39:04 nikita-GE60-2PL kernel: [    0.000000] efi:  ESRT=0xcbf6b918  ACPI=0xcb2e8000  ACPI 2.0=0xcb2e8000  SMBIOS=0xcbf6b398 
Mar 23 12:39:04 nikita-GE60-2PL kernel: [    0.000000] ACPI: Early table checksum verification disabled
Mar 23 12:39:04 nikita-GE60-2PL kernel: [    0.000000] ACPI: RSDP 0x00000000CB2E8000 000024 (v02 MSI_NB)
Mar 23 12:39:04 nikita-GE60-2PL kernel: [    0.000000] ACPI: XSDT 0x00000000CB2E8098 0000B4 (v01 MSI_NB MEGABOOK 01072009 AMI  00010013)
Mar 23 12:39:04 nikita-GE60-2PL kernel: [    0.000000] ACPI: FACP 0x00000000CB2F78D0 00010C (v05 MSI_NB MEGABOOK 01072009 AMI  00010013)
Mar 23 12:39:04 nikita-GE60-2PL kernel: [    0.000000] ACPI: DSDT 0x00000000CB2E81E0 00F6F0 (v02 MSI_NB MEGABOOK 00000014 INTL 20120711)
Mar 23 12:39:04 nikita-GE60-2PL kernel: [    0.000000] ACPI: FACS 0x00000000CB9A4F80 000040
Mar 23 12:39:04 nikita-GE60-2PL kernel: [    0.000000] ACPI: APIC 0x00000000CB2F79E0 000092 (v03 MSI_NB MEGABOOK 01072009 AMI  00010013)
Mar 23 12:39:04 nikita-GE60-2PL kernel: [    0.000000] ACPI: FPDT 0x00000000CB2F7A78 000044 (v01 MSI_NB MEGABOOK 01072009 AMI  00010013)
Mar 23 12:39:04 nikita-GE60-2PL kernel: [    0.000000] ACPI: ASF! 0x00000000CB2F7AC0 0000A5 (v32 INTEL   HCG     00000001 TFSM 000F4240)
Mar 23 12:39:04 nikita-GE60-2PL kernel: [    0.000000] ACPI: MSDM 0x00000000CB2F7B68 000055 (v03 MSI_NB MEGABOOK 01072009 AMI  00010013)
Mar 23 12:39:04 nikita-GE60-2PL kernel: [    0.000000] ACPI: SSDT 0x00000000CB2F7BC0 000228 (v01 INTEL  sensrhub 00000000 INTL 20120711)
Mar 23 12:39:04 nikita-GE60-2PL kernel: [    0.000000] ACPI: SLIC 0x00000000CB2F7DE8 000176 (v01 MSI_NB MEGABOOK 01072009 AMI  00010013)
Mar 23 12:39:04 nikita-GE60-2PL kernel: [    0.000000] ACPI: SSDT 0x00000000CB2F7F60 000539 (v01 PmRef  Cpu0Ist  00003000 INTL 20120711)
Mar 23 12:39:04 nikita-GE60-2PL kernel: [    0.000000] ACPI: SSDT 0x00000000CB2F84A0 000AD8 (v01 PmRef  CpuPm    00003000 INTL 20120711)
Mar 23 12:39:04 nikita-GE60-2PL kernel: [    0.000000] ACPI: MCFG 0x00000000CB2F8F78 00003C (v01 MSI_NB MEGABOOK 01072009 MSFT 00000097)
Mar 23 12:39:04 nikita-GE60-2PL kernel: [    0.000000] ACPI: HPET 0x00000000CB2F8FB8 000038 (v01 MSI_NB MEGABOOK 01072009 AMI. 00000005)
Mar 23 12:39:04 nikita-GE60-2PL kernel: [    0.000000] ACPI: SSDT 0x00000000CB2F8FF0 000315 (v01 SataRe SataTabl 00001000 INTL 20120711)
Mar 23 12:39:04 nikita-GE60-2PL kernel: [    0.000000] ACPI: SSDT 0x00000000CB2F9308 003562 (v01 SaSsdt SaSsdt   00003000 INTL 20091112)
Mar 23 12:39:04 nikita-GE60-2PL kernel: [    0.000000] ACPI: SSDT 0x00000000CB2FC870 00168A (v01 SgRef  SgPeg    00001000 INTL 20120711)
Mar 23 12:39:04 nikita-GE60-2PL kernel: [    0.000000] ACPI: MSFF 0x00000000CB2FDF00 000029 (v01 MSI_NB MEGABOOK 00000010 AMI  00010013)
Mar 23 12:39:04 nikita-GE60-2PL kernel: [    0.000000] ACPI: BGRT 0x00000000CB2FDF30 000038 (v00 MSI_NB MEGABOOK 01072009 AMI  00010013)
Mar 23 12:39:04 nikita-GE60-2PL kernel: [    0.000000] ACPI: DMAR 0x00000000CB2FDF68 0000B8 (v01 INTEL  HSW      00000001 INTL 00000001)
Mar 23 12:39:04 nikita-GE60-2PL kernel: [    0.000000] ACPI: SSDT 0x00000000CB2FE020 001431 (v01 OptRef OptTabl  00001000 INTL 20120711)
Mar 23 12:39:04 nikita-GE60-2PL kernel: [    0.000000] ACPI: Local APIC address 0xfee00000
Mar 23 12:39:04 nikita-GE60-2PL kernel: [    0.000000] ACPI: PM-Timer IO Port: 0x1808
Mar 23 12:39:04 nikita-GE60-2PL kernel: [    0.000000] ACPI: Local APIC address 0xfee00000
Mar 23 12:39:04 nikita-GE60-2PL kernel: [    0.000000] ACPI: LAPIC_NMI (acpi_id[0xff] high edge lint[0x1])
Mar 23 12:39:04 nikita-GE60-2PL kernel: [    0.000000] ACPI: INT_SRC_OVR (bus 0 bus_irq 0 global_irq 2 dfl dfl)
Mar 23 12:39:04 nikita-GE60-2PL kernel: [    0.000000] ACPI: INT_SRC_OVR (bus 0 bus_irq 9 global_irq 9 high level)
Mar 23 12:39:04 nikita-GE60-2PL kernel: [    0.000000] ACPI: IRQ0 used by override.
Mar 23 12:39:04 nikita-GE60-2PL kernel: [    0.000000] ACPI: IRQ9 used by override.
Mar 23 12:39:04 nikita-GE60-2PL kernel: [    0.000000] Using ACPI (MADT) for SMP configuration information
Mar 23 12:39:04 nikita-GE60-2PL kernel: [    0.000000] ACPI: HPET id: 0x8086a701 base: 0xfed00000
Mar 23 12:39:04 nikita-GE60-2PL kernel: [    0.000000] ACPI: Core revision 20170831
Mar 23 12:39:04 nikita-GE60-2PL kernel: [    0.000000] ACPI: 8 ACPI AML tables successfully acquired and loaded
Mar 23 12:39:04 nikita-GE60-2PL kernel: [    0.044522] PM: Registering ACPI NVS region [mem 0xba719000-0xba71ffff] (28672 bytes)
Mar 23 12:39:04 nikita-GE60-2PL kernel: [    0.044522] PM: Registering ACPI NVS region [mem 0xcb300000-0xcb9a4fff] (6967296 bytes)
Mar 23 12:39:04 nikita-GE60-2PL kernel: [    0.044522] ACPI FADT declares the system doesn't support PCIe ASPM, so disable it
Mar 23 12:39:04 nikita-GE60-2PL kernel: [    0.044522] ACPI: bus type PCI registered
Mar 23 12:39:04 nikita-GE60-2PL kernel: [    0.044522] acpiphp: ACPI Hot Plug PCI Controller Driver version: 0.5
Mar 23 12:39:04 nikita-GE60-2PL kernel: [    0.044929] ACPI: Added _OSI(Module Device)
Mar 23 12:39:04 nikita-GE60-2PL kernel: [    0.044929] ACPI: Added _OSI(Processor Device)
Mar 23 12:39:04 nikita-GE60-2PL kernel: [    0.044929] ACPI: Added _OSI(3.0 _SCP Extensions)
Mar 23 12:39:04 nikita-GE60-2PL kernel: [    0.044929] ACPI: Added _OSI(Processor Aggregator Device)
Mar 23 12:39:04 nikita-GE60-2PL kernel: [    0.044929] ACPI: Added _OSI(Linux-Dell-Video)
Mar 23 12:39:04 nikita-GE60-2PL kernel: [    0.044929] ACPI: Added _OSI(Linux-Lenovo-NV-HDMI-Audio)
Mar 23 12:39:04 nikita-GE60-2PL kernel: [    0.044929] ACPI: Added _OSI(Linux-HPI-Hybrid-Graphics)
Mar 23 12:39:04 nikita-GE60-2PL kernel: [    0.044929] ACPI: Executed 1 blocks of module-level executable AML code
Mar 23 12:39:04 nikita-GE60-2PL kernel: [    0.049738] ACPI Error: No handler for Region [EC__] (        (ptrval)) [EmbeddedControl] (20170831/evregion-166)
Mar 23 12:39:04 nikita-GE60-2PL kernel: [    0.049738] ACPI Error: Region EmbeddedControl (ID=3) has no handler (20170831/exfldio-299)
Mar 23 12:39:04 nikita-GE60-2PL kernel: [    0.049738] ACPI Error: Method parse/execution failed \_SB.PCI0.LPCB.EC._REG, AE_NOT_EXIST (20170831/psparse-550)
Mar 23 12:39:04 nikita-GE60-2PL kernel: [    0.049738] ACPI: [Firmware Bug]: BIOS _OSI(Linux) query ignored
Mar 23 12:39:04 nikita-GE60-2PL kernel: [    0.052137] ACPI: Dynamic OEM Table Load:
Mar 23 12:39:04 nikita-GE60-2PL systemd[1]: Listening on ACPID Listen Socket.
Mar 23 12:39:04 nikita-GE60-2PL systemd[1]: Started ACPI Events Check.
Mar 23 12:39:04 nikita-GE60-2PL systemd[1]: Started ACPI event daemon.
Mar 23 12:39:04 nikita-GE60-2PL kernel: [    0.052142] ACPI: SSDT 0xFFFF962CE5BFC800 0003D3 (v01 PmRef  Cpu0Cst  00003001 INTL 20120711)
Mar 23 12:39:04 nikita-GE60-2PL kernel: [    0.052300] ACPI: Dynamic OEM Table Load:
Mar 23 12:39:04 nikita-GE60-2PL kernel: [    0.052305] ACPI: SSDT 0xFFFF962CE5972800 0005AA (v01 PmRef  ApIst    00003000 INTL 20120711)
Mar 23 12:39:04 nikita-GE60-2PL kernel: [    0.052809] ACPI: Dynamic OEM Table Load:
Mar 23 12:39:04 nikita-GE60-2PL kernel: [    0.052809] ACPI: SSDT 0xFFFF962CE5BDE200 000119 (v01 PmRef  ApCst    00003000 INTL 20120711)
Mar 23 12:39:04 nikita-GE60-2PL kernel: [    0.053394] ACPI: EC: EC started
Mar 23 12:39:04 nikita-GE60-2PL kernel: [    0.053395] ACPI: EC: interrupt blocked
Mar 23 12:39:04 nikita-GE60-2PL kernel: [    0.055307] ACPI: \_SB_.PCI0.LPCB.EC__: Used as first EC
Mar 23 12:39:04 nikita-GE60-2PL kernel: [    0.055308] ACPI: \_SB_.PCI0.LPCB.EC__: GPE=0x17, EC_CMD/EC_SC=0x66, EC_DATA=0x62
Mar 23 12:39:04 nikita-GE60-2PL kernel: [    0.055309] ACPI: \_SB_.PCI0.LPCB.EC__: Used as boot DSDT EC to handle transactions
Mar 23 12:39:04 nikita-GE60-2PL kernel: [    0.055310] ACPI: Interpreter enabled
Mar 23 12:39:04 nikita-GE60-2PL kernel: [    0.055334] ACPI: (supports S0 S3 S4 S5)
Mar 23 12:39:04 nikita-GE60-2PL kernel: [    0.055335] ACPI: Using IOAPIC for interrupt routing
Mar 23 12:39:04 nikita-GE60-2PL kernel: [    0.055358] PCI: Using host bridge windows from ACPI; if necessary, use "pci=nocrs" and report a bug
Mar 23 12:39:04 nikita-GE60-2PL kernel: [    0.055660] ACPI: Enabled 6 GPEs in block 00 to 3F
Mar 23 12:39:04 nikita-GE60-2PL kernel: [    0.069216] ACPI: Power Resource [NVP3] (on)
Mar 23 12:39:04 nikita-GE60-2PL kernel: [    0.069237] ACPI: Power Resource [NVP2] (on)
Mar 23 12:39:04 nikita-GE60-2PL kernel: [    0.073134] ACPI: PCI Root Bridge [PCI0] (domain 0000 [bus 00-3e])
Mar 23 12:39:04 nikita-GE60-2PL kernel: [    0.125892] ACPI: PCI Interrupt Link [LNKA] (IRQs 3 4 5 6 10 11 12 14 15) *0, disabled.
Mar 23 12:39:04 nikita-GE60-2PL kernel: [    0.125956] ACPI: PCI Interrupt Link [LNKB] (IRQs 3 4 5 6 10 11 12 14 15) *0, disabled.
Mar 23 12:39:04 nikita-GE60-2PL kernel: [    0.126018] ACPI: PCI Interrupt Link [LNKC] (IRQs 3 4 5 6 10 11 12 14 15) *0, disabled.
Mar 23 12:39:04 nikita-GE60-2PL kernel: [    0.126081] ACPI: PCI Interrupt Link [LNKD] (IRQs 3 4 5 6 10 11 12 14 15) *0, disabled.
Mar 23 12:39:04 nikita-GE60-2PL kernel: [    0.126131] ACPI: PCI Interrupt Link [LNKE] (IRQs 3 4 5 6 10 11 12 14 15) *0, disabled.
Mar 23 12:39:04 nikita-GE60-2PL kernel: [    0.126182] ACPI: PCI Interrupt Link [LNKF] (IRQs 3 4 5 6 10 11 12 14 15) *0, disabled.
Mar 23 12:39:04 nikita-GE60-2PL kernel: [    0.126233] ACPI: PCI Interrupt Link [LNKG] (IRQs 3 4 5 6 10 11 12 14 15) *0, disabled.
Mar 23 12:39:04 nikita-GE60-2PL kernel: [    0.126283] ACPI: PCI Interrupt Link [LNKH] (IRQs 3 4 5 6 10 11 12 14 15) *0, disabled.
Mar 23 12:39:04 nikita-GE60-2PL kernel: [    0.126486] ACPI: EC: interrupt unblocked
Mar 23 12:39:04 nikita-GE60-2PL kernel: [    0.126491] ACPI: EC: event unblocked
Mar 23 12:39:04 nikita-GE60-2PL kernel: [    0.126496] ACPI: \_SB_.PCI0.LPCB.EC__: GPE=0x17, EC_CMD/EC_SC=0x66, EC_DATA=0x62
Mar 23 12:39:04 nikita-GE60-2PL kernel: [    0.126497] ACPI: \_SB_.PCI0.LPCB.EC__: Used as boot DSDT EC to handle transactions and events
Mar 23 12:39:04 nikita-GE60-2PL kernel: [    0.126651] ACPI: bus type USB registered
Mar 23 12:39:04 nikita-GE60-2PL kernel: [    0.130601] PCI: Using ACPI for IRQ routing
Mar 23 12:39:04 nikita-GE60-2PL kernel: [    0.139890] pnp: PnP ACPI init
Mar 23 12:39:04 nikita-GE60-2PL kernel: [    0.140000] system 00:00: Plug and Play ACPI device, IDs PNP0c01 (active)
Mar 23 12:39:04 nikita-GE60-2PL kernel: [    0.140204] system 00:01: Plug and Play ACPI device, IDs PNP0c02 (active)
Mar 23 12:39:04 nikita-GE60-2PL kernel: [    0.140221] pnp 00:02: Plug and Play ACPI device, IDs PNP0b00 (active)
Mar 23 12:39:04 nikita-GE60-2PL kernel: [    0.140263] system 00:03: Plug and Play ACPI device, IDs INT3f0d PNP0c02 (active)
Mar 23 12:39:04 nikita-GE60-2PL kernel: [    0.140307] system 00:04: Plug and Play ACPI device, IDs PNP0c02 (active)
Mar 23 12:39:04 nikita-GE60-2PL kernel: [    0.140751] pnp 00:05: Plug and Play ACPI device, IDs PNP030b (active)
Mar 23 12:39:04 nikita-GE60-2PL kernel: [    0.140789] pnp 00:06: Plug and Play ACPI device, IDs ETD0300 PNP0f13 (active)
Mar 23 12:39:04 nikita-GE60-2PL kernel: [    0.141475] system 00:07: Plug and Play ACPI device, IDs PNP0c02 (active)
Mar 23 12:39:04 nikita-GE60-2PL kernel: [    0.141787] pnp: PnP ACPI: found 8 devices
Mar 23 12:39:04 nikita-GE60-2PL kernel: [    0.567620] ACPI: AC Adapter [ADP1] (on-line)
Mar 23 12:39:04 nikita-GE60-2PL kernel: [    0.567684] ACPI: Lid Switch [LID0]
Mar 23 12:39:04 nikita-GE60-2PL kernel: [    0.567719] ACPI: Power Button [PWRB]
Mar 23 12:39:04 nikita-GE60-2PL kernel: [    0.567756] ACPI: Sleep Button [SLPB]
Mar 23 12:39:04 nikita-GE60-2PL kernel: [    0.567792] ACPI: Power Button [PWRF]
Mar 23 12:39:04 nikita-GE60-2PL kernel: [    0.568877] ACPI: Thermal Zone [THRM] (53 C)
Mar 23 12:39:04 nikita-GE60-2PL kernel: [    0.680098] ACPI: Battery Slot [BAT1] (battery present)
Mar 23 12:39:04 nikita-GE60-2PL kernel: [    1.395467] ata5.00: ACPI cmd ef/10:06:00:00:00:00 (SET FEATURES) succeeded
Mar 23 12:39:04 nikita-GE60-2PL kernel: [    1.395469] ata5.00: ACPI cmd f5/00:00:00:00:00:00 (SECURITY FREEZE LOCK) filtered out
Mar 23 12:39:04 nikita-GE60-2PL kernel: [    1.395471] ata5.00: ACPI cmd b1/c1:00:00:00:00:00 (DEVICE CONFIGURATION OVERLAY) filtered out
Mar 23 12:39:04 nikita-GE60-2PL kernel: [    1.396820] ata5.00: ACPI cmd ef/10:06:00:00:00:00 (SET FEATURES) succeeded
Mar 23 12:39:04 nikita-GE60-2PL kernel: [    1.396823] ata5.00: ACPI cmd f5/00:00:00:00:00:00 (SECURITY FREEZE LOCK) filtered out
Mar 23 12:39:04 nikita-GE60-2PL kernel: [    1.396825] ata5.00: ACPI cmd b1/c1:00:00:00:00:00 (DEVICE CONFIGURATION OVERLAY) filtered out
Mar 23 12:39:04 nikita-GE60-2PL kernel: [   13.969859] ACPI Warning: SystemIO range 0x0000000000001828-0x000000000000182F conflicts with OpRegion 0x0000000000001800-0x000000000000187F (\PMIO) (20170831/utaddress-247)
Mar 23 12:39:04 nikita-GE60-2PL kernel: [   13.969866] ACPI: If an ACPI driver is available for this device, you should use it instead of the native driver
Mar 23 12:39:04 nikita-GE60-2PL kernel: [   13.969868] ACPI Warning: SystemIO range 0x0000000000001C40-0x0000000000001C4F conflicts with OpRegion 0x0000000000001C00-0x0000000000001FFF (\GPR) (20170831/utaddress-247)
Mar 23 12:39:04 nikita-GE60-2PL kernel: [   13.969873] ACPI Warning: SystemIO range 0x0000000000001C40-0x0000000000001C4F conflicts with OpRegion 0x0000000000001C00-0x0000000000001C5F (\_SB.PCI0.PEG0.PEGP.GPR) (20170831/utaddress-247)
Mar 23 12:39:04 nikita-GE60-2PL kernel: [   13.969876] ACPI: If an ACPI driver is available for this device, you should use it instead of the native driver
Mar 23 12:39:04 nikita-GE60-2PL kernel: [   13.969877] ACPI Warning: SystemIO range 0x0000000000001C30-0x0000000000001C3F conflicts with OpRegion 0x0000000000001C00-0x0000000000001C3F (\GPRL) (20170831/utaddress-247)
Mar 23 12:39:04 nikita-GE60-2PL kernel: [   13.969880] ACPI Warning: SystemIO range 0x0000000000001C30-0x0000000000001C3F conflicts with OpRegion 0x0000000000001C00-0x0000000000001FFF (\GPR) (20170831/utaddress-247)
Mar 23 12:39:04 nikita-GE60-2PL kernel: [   13.969883] ACPI Warning: SystemIO range 0x0000000000001C30-0x0000000000001C3F conflicts with OpRegion 0x0000000000001C00-0x0000000000001C5F (\_SB.PCI0.PEG0.PEGP.GPR) (20170831/utaddress-247)
Mar 23 12:39:04 nikita-GE60-2PL kernel: [   13.969887] ACPI: If an ACPI driver is available for this device, you should use it instead of the native driver
Mar 23 12:39:04 nikita-GE60-2PL kernel: [   13.969887] ACPI Warning: SystemIO range 0x0000000000001C00-0x0000000000001C2F conflicts with OpRegion 0x0000000000001C00-0x0000000000001C3F (\GPRL) (20170831/utaddress-247)
Mar 23 12:39:04 nikita-GE60-2PL kernel: [   13.969890] ACPI Warning: SystemIO range 0x0000000000001C00-0x0000000000001C2F conflicts with OpRegion 0x0000000000001C00-0x0000000000001FFF (\GPR) (20170831/utaddress-247)
Mar 23 12:39:04 nikita-GE60-2PL kernel: [   13.969894] ACPI Warning: SystemIO range 0x0000000000001C00-0x0000000000001C2F conflicts with OpRegion 0x0000000000001C00-0x0000000000001C5F (\_SB.PCI0.PEG0.PEGP.GPR) (20170831/utaddress-247)
Mar 23 12:39:04 nikita-GE60-2PL kernel: [   13.969897] ACPI: If an ACPI driver is available for this device, you should use it instead of the native driver
Mar 23 12:39:04 nikita-GE60-2PL kernel: [   16.032253] ACPI Warning: \_SB.PCI0.PEG0.PEGP._DSM: Argument #4 type mismatch - Found [Buffer], ACPI requires [Package] (20170831/nsarguments-100)
Mar 23 12:39:04 nikita-GE60-2PL kernel: [   17.457797] [Firmware Bug]: ACPI(PEGP) defines _DOD but not _DOS
Mar 23 12:39:04 nikita-GE60-2PL kernel: [   17.458618] ACPI: Video Device [PEGP] (multi-head: yes  rom: yes  post: no)
Mar 23 12:39:04 nikita-GE60-2PL kernel: [   17.458623] ACPI Error: [\_SB_.PCI0.GFX0.DD02._BCL] Namespace lookup failure, AE_NOT_FOUND (20170831/psargs-364)
Mar 23 12:39:04 nikita-GE60-2PL kernel: [   17.458633] ACPI Error: Method parse/execution failed \_SB.PCI0.PEG0.PEGP.DD02._BCL, AE_NOT_FOUND (20170831/psparse-550)
Mar 23 12:39:04 nikita-GE60-2PL kernel: [   17.459808] ACPI: Video Device [GFX0] (multi-head: yes  rom: no  post: no)
Mar 23 12:39:04 nikita-GE60-2PL kernel: [   23.004457] ACPI: \_SB_.PCI0.PEG0.PEGP: failed to evaluate _DSM
Mar 23 12:39:07 nikita-GE60-2PL kernel: [   31.912417] ACPI: \_SB_.PCI0.PEG0.PEGP: failed to evaluate _DSM
Mar 23 12:39:26 nikita-GE60-2PL kernel: [   50.908399] ACPI: \_SB_.PCI0.PEG0.PEGP: failed to evaluate _DSM
Mar 23 09:39:36 nikita-GE60-2PL kernel: [   73.948632] ACPI: \_SB_.PCI0.PEG0.PEGP: failed to evaluate _DSM
Mar 23 09:39:50 nikita-GE60-2PL ureadahead[290]: ureadahead:ACPI0003:00: Относительный путь пропущен
Mar 23 09:39:50 nikita-GE60-2PL ureadahead[290]: ureadahead:ACPI0003:00: Относительный путь пропущен
Mar 23 09:39:50 nikita-GE60-2PL ureadahead[290]: ureadahead:ACPI0003:00: Относительный путь пропущен
Mar 23 09:39:50 nikita-GE60-2PL ureadahead[290]: ureadahead:ACPI0003:00: Относительный путь пропущен
Mar 23 09:39:50 nikita-GE60-2PL ureadahead[290]: ureadahead:ACPI0003:00: Относительный путь пропущен
Mar 23 09:39:50 nikita-GE60-2PL ureadahead[290]: ureadahead:ACPI0003:00: Относительный путь пропущен
Mar 23 09:39:50 nikita-GE60-2PL ureadahead[290]: ureadahead:ACPI0003:00: Относительный путь пропущен
Mar 23 09:39:50 nikita-GE60-2PL ureadahead[290]: ureadahead:ACPI0003:00: Относительный путь пропущен
Mar 23 09:39:50 nikita-GE60-2PL ureadahead[290]: ureadahead:ACPI0003:00: Относительный путь пропущен
Mar 23 09:39:50 nikita-GE60-2PL ureadahead[290]: ureadahead:ACPI0003:00: Относительный путь пропущен
Mar 23 09:39:50 nikita-GE60-2PL ureadahead[290]: ureadahead:ACPI0003:00: Относительный путь пропущен
Mar 23 09:39:50 nikita-GE60-2PL ureadahead[290]: ureadahead:ACPI0003:00: Относительный путь пропущен
Mar 23 11:39:46 nikita-GE60-2PL kernel: [ 2237.753094] ACPI: EC: interrupt blocked
Mar 23 11:39:46 nikita-GE60-2PL kernel: [ 2237.773319] ACPI: Preparing to enter system sleep state S3
Mar 23 11:39:46 nikita-GE60-2PL kernel: [ 2237.774455] ACPI: EC: event blocked
Mar 23 11:39:46 nikita-GE60-2PL kernel: [ 2237.774455] ACPI: EC: EC stopped
Mar 23 11:39:46 nikita-GE60-2PL kernel: [ 2237.936684] ACPI: Low-level resume complete
Mar 23 11:39:46 nikita-GE60-2PL kernel: [ 2237.936738] ACPI: EC: EC started
Mar 23 11:39:46 nikita-GE60-2PL kernel: [ 2237.957680] ACPI: Waking up from system sleep state S3
Mar 23 11:39:46 nikita-GE60-2PL kernel: [ 2237.960315] ACPI: EC: interrupt unblocked
Mar 23 11:39:46 nikita-GE60-2PL kernel: [ 2237.980415] ACPI: EC: event unblocked
Mar 23 11:39:46 nikita-GE60-2PL kernel: [ 2240.963965] ata5.00: ACPI cmd ef/10:06:00:00:00:00 (SET FEATURES) succeeded
Mar 23 11:39:46 nikita-GE60-2PL kernel: [ 2240.963969] ata5.00: ACPI cmd f5/00:00:00:00:00:00 (SECURITY FREEZE LOCK) filtered out
Mar 23 11:39:46 nikita-GE60-2PL kernel: [ 2240.963972] ata5.00: ACPI cmd b1/c1:00:00:00:00:00 (DEVICE CONFIGURATION OVERLAY) filtered out
Mar 23 11:39:46 nikita-GE60-2PL kernel: [ 2240.965821] ata5.00: ACPI cmd ef/10:06:00:00:00:00 (SET FEATURES) succeeded
Mar 23 11:39:46 nikita-GE60-2PL kernel: [ 2240.965825] ata5.00: ACPI cmd f5/00:00:00:00:00:00 (SECURITY FREEZE LOCK) filtered out
Mar 23 11:39:46 nikita-GE60-2PL kernel: [ 2240.965828] ata5.00: ACPI cmd b1/c1:00:00:00:00:00 (DEVICE CONFIGURATION OVERLAY) filtered out
Mar 23 11:39:52 nikita-GE60-2PL kernel: [ 2246.943781] ACPI: \_SB_.PCI0.PEG0.PEGP: failed to evaluate _DSM
Mar 23 11:40:22 nikita-GE60-2PL kernel: [ 2277.921262] ACPI: \_SB_.PCI0.PEG0.PEGP: failed to evaluate _DSM
Mar 16 15:10:53 nikita-GE60-2PL kernel: [    0.000000] BIOS-e820: [mem 0x00000000ba719000-0x00000000ba71ffff] ACPI NVS
Mar 16 15:10:53 nikita-GE60-2PL kernel: [    0.000000] BIOS-e820: [mem 0x00000000cb2e2000-0x00000000cb2fffff] ACPI data
Mar 16 15:10:53 nikita-GE60-2PL kernel: [    0.000000] BIOS-e820: [mem 0x00000000cb300000-0x00000000cb9a4fff] ACPI NVS
Mar 16 15:10:53 nikita-GE60-2PL kernel: [    0.000000] reserve setup_data: [mem 0x00000000ba719000-0x00000000ba71ffff] ACPI NVS
Mar 16 15:10:53 nikita-GE60-2PL kernel: [    0.000000] reserve setup_data: [mem 0x00000000cb2e2000-0x00000000cb2fffff] ACPI data
Mar 16 15:10:53 nikita-GE60-2PL kernel: [    0.000000] reserve setup_data: [mem 0x00000000cb300000-0x00000000cb9a4fff] ACPI NVS
Mar 16 15:10:53 nikita-GE60-2PL kernel: [    0.000000] efi:  ESRT=0xcbf6b918  ACPI=0xcb2e8000  ACPI 2.0=0xcb2e8000  SMBIOS=0xcbf6b398 
Mar 16 15:10:53 nikita-GE60-2PL kernel: [    0.000000] ACPI: Early table checksum verification disabled
Mar 16 15:10:53 nikita-GE60-2PL kernel: [    0.000000] ACPI: RSDP 0x00000000CB2E8000 000024 (v02 MSI_NB)
Mar 16 15:10:53 nikita-GE60-2PL kernel: [    0.000000] ACPI: XSDT 0x00000000CB2E8098 0000B4 (v01 MSI_NB MEGABOOK 01072009 AMI  00010013)
Mar 16 15:10:53 nikita-GE60-2PL kernel: [    0.000000] ACPI: FACP 0x00000000CB2F78D0 00010C (v05 MSI_NB MEGABOOK 01072009 AMI  00010013)
Mar 16 15:10:53 nikita-GE60-2PL kernel: [    0.000000] ACPI: DSDT 0x00000000CB2E81E0 00F6F0 (v02 MSI_NB MEGABOOK 00000014 INTL 20120711)
Mar 16 15:10:53 nikita-GE60-2PL kernel: [    0.000000] ACPI: FACS 0x00000000CB9A4F80 000040
Mar 16 15:10:53 nikita-GE60-2PL kernel: [    0.000000] ACPI: APIC 0x00000000CB2F79E0 000092 (v03 MSI_NB MEGABOOK 01072009 AMI  00010013)
Mar 16 15:10:53 nikita-GE60-2PL kernel: [    0.000000] ACPI: FPDT 0x00000000CB2F7A78 000044 (v01 MSI_NB MEGABOOK 01072009 AMI  00010013)
Mar 16 15:10:53 nikita-GE60-2PL kernel: [    0.000000] ACPI: ASF! 0x00000000CB2F7AC0 0000A5 (v32 INTEL   HCG     00000001 TFSM 000F4240)
Mar 16 15:10:53 nikita-GE60-2PL kernel: [    0.000000] ACPI: MSDM 0x00000000CB2F7B68 000055 (v03 MSI_NB MEGABOOK 01072009 AMI  00010013)
Mar 16 15:10:53 nikita-GE60-2PL kernel: [    0.000000] ACPI: SSDT 0x00000000CB2F7BC0 000228 (v01 INTEL  sensrhub 00000000 INTL 20120711)
Mar 16 15:10:53 nikita-GE60-2PL kernel: [    0.000000] ACPI: SLIC 0x00000000CB2F7DE8 000176 (v01 MSI_NB MEGABOOK 01072009 AMI  00010013)
Mar 16 15:10:53 nikita-GE60-2PL kernel: [    0.000000] ACPI: SSDT 0x00000000CB2F7F60 000539 (v01 PmRef  Cpu0Ist  00003000 INTL 20120711)
Mar 16 15:10:53 nikita-GE60-2PL kernel: [    0.000000] ACPI: SSDT 0x00000000CB2F84A0 000AD8 (v01 PmRef  CpuPm    00003000 INTL 20120711)
Mar 16 15:10:53 nikita-GE60-2PL kernel: [    0.000000] ACPI: MCFG 0x00000000CB2F8F78 00003C (v01 MSI_NB MEGABOOK 01072009 MSFT 00000097)
Mar 16 15:10:53 nikita-GE60-2PL kernel: [    0.000000] ACPI: HPET 0x00000000CB2F8FB8 000038 (v01 MSI_NB MEGABOOK 01072009 AMI. 00000005)
Mar 16 15:10:53 nikita-GE60-2PL kernel: [    0.000000] ACPI: SSDT 0x00000000CB2F8FF0 000315 (v01 SataRe SataTabl 00001000 INTL 20120711)
Mar 16 15:10:53 nikita-GE60-2PL kernel: [    0.000000] ACPI: SSDT 0x00000000CB2F9308 003562 (v01 SaSsdt SaSsdt   00003000 INTL 20091112)
Mar 16 15:10:53 nikita-GE60-2PL kernel: [    0.000000] ACPI: SSDT 0x00000000CB2FC870 00168A (v01 SgRef  SgPeg    00001000 INTL 20120711)
Mar 16 15:10:53 nikita-GE60-2PL kernel: [    0.000000] ACPI: MSFF 0x00000000CB2FDF00 000029 (v01 MSI_NB MEGABOOK 00000010 AMI  00010013)
Mar 16 15:10:53 nikita-GE60-2PL kernel: [    0.000000] ACPI: BGRT 0x00000000CB2FDF30 000038 (v00 MSI_NB MEGABOOK 01072009 AMI  00010013)
Mar 16 15:10:53 nikita-GE60-2PL kernel: [    0.000000] ACPI: DMAR 0x00000000CB2FDF68 0000B8 (v01 INTEL  HSW      00000001 INTL 00000001)
Mar 16 15:10:53 nikita-GE60-2PL kernel: [    0.000000] ACPI: SSDT 0x00000000CB2FE020 001431 (v01 OptRef OptTabl  00001000 INTL 20120711)
Mar 16 15:10:53 nikita-GE60-2PL kernel: [    0.000000] ACPI: Local APIC address 0xfee00000
Mar 16 15:10:53 nikita-GE60-2PL kernel: [    0.000000] ACPI: PM-Timer IO Port: 0x1808
Mar 16 15:10:53 nikita-GE60-2PL kernel: [    0.000000] ACPI: Local APIC address 0xfee00000
Mar 16 15:10:53 nikita-GE60-2PL kernel: [    0.000000] ACPI: LAPIC_NMI (acpi_id[0xff] high edge lint[0x1])
Mar 16 15:10:53 nikita-GE60-2PL kernel: [    0.000000] ACPI: INT_SRC_OVR (bus 0 bus_irq 0 global_irq 2 dfl dfl)
Mar 16 15:10:53 nikita-GE60-2PL kernel: [    0.000000] ACPI: INT_SRC_OVR (bus 0 bus_irq 9 global_irq 9 high level)
Mar 16 15:10:53 nikita-GE60-2PL kernel: [    0.000000] ACPI: IRQ0 used by override.
Mar 16 15:10:53 nikita-GE60-2PL kernel: [    0.000000] ACPI: IRQ9 used by override.
Mar 16 15:10:53 nikita-GE60-2PL kernel: [    0.000000] Using ACPI (MADT) for SMP configuration information
Mar 16 15:10:53 nikita-GE60-2PL kernel: [    0.000000] ACPI: HPET id: 0x8086a701 base: 0xfed00000
Mar 16 15:10:53 nikita-GE60-2PL kernel: [    0.000000] ACPI: Core revision 20170831
Mar 16 15:10:53 nikita-GE60-2PL kernel: [    0.000000] ACPI: 8 ACPI AML tables successfully acquired and loaded
Mar 16 15:10:53 nikita-GE60-2PL kernel: [    0.044513] PM: Registering ACPI NVS region [mem 0xba719000-0xba71ffff] (28672 bytes)
Mar 16 15:10:53 nikita-GE60-2PL kernel: [    0.044513] PM: Registering ACPI NVS region [mem 0xcb300000-0xcb9a4fff] (6967296 bytes)
Mar 16 15:10:53 nikita-GE60-2PL kernel: [    0.044513] ACPI FADT declares the system doesn't support PCIe ASPM, so disable it
Mar 16 15:10:53 nikita-GE60-2PL kernel: [    0.044513] ACPI: bus type PCI registered
Mar 16 15:10:53 nikita-GE60-2PL kernel: [    0.044513] acpiphp: ACPI Hot Plug PCI Controller Driver version: 0.5
Mar 16 15:10:53 nikita-GE60-2PL kernel: [    0.045116] ACPI: Added _OSI(Module Device)
Mar 16 15:10:53 nikita-GE60-2PL kernel: [    0.045116] ACPI: Added _OSI(Processor Device)
Mar 16 15:10:53 nikita-GE60-2PL kernel: [    0.045116] ACPI: Added _OSI(3.0 _SCP Extensions)
Mar 16 15:10:53 nikita-GE60-2PL kernel: [    0.045116] ACPI: Added _OSI(Processor Aggregator Device)
Mar 16 15:10:53 nikita-GE60-2PL kernel: [    0.045116] ACPI: Added _OSI(Linux-Dell-Video)
Mar 16 15:10:53 nikita-GE60-2PL kernel: [    0.045116] ACPI: Added _OSI(Linux-Lenovo-NV-HDMI-Audio)
Mar 16 15:10:53 nikita-GE60-2PL kernel: [    0.045116] ACPI: Added _OSI(Linux-HPI-Hybrid-Graphics)
Mar 16 15:10:53 nikita-GE60-2PL kernel: [    0.045116] ACPI: Executed 1 blocks of module-level executable AML code
Mar 16 15:10:53 nikita-GE60-2PL kernel: [    0.052308] ACPI Error: No handler for Region [EC__] (        (ptrval)) [EmbeddedControl] (20170831/evregion-166)
Mar 16 15:10:53 nikita-GE60-2PL kernel: [    0.052312] ACPI Error: Region EmbeddedControl (ID=3) has no handler (20170831/exfldio-299)
Mar 16 15:10:53 nikita-GE60-2PL kernel: [    0.052325] ACPI Error: Method parse/execution failed \_SB.PCI0.LPCB.EC._REG, AE_NOT_EXIST (20170831/psparse-550)
Mar 16 15:10:53 nikita-GE60-2PL kernel: [    0.053301] ACPI: [Firmware Bug]: BIOS _OSI(Linux) query ignored
Mar 16 15:10:53 nikita-GE60-2PL kernel: [    0.054507] ACPI: Dynamic OEM Table Load:
Mar 16 15:10:53 nikita-GE60-2PL kernel: [    0.054507] ACPI: SSDT 0xFFFF9E3525BEA000 0003D3 (v01 PmRef  Cpu0Cst  00003001 INTL 20120711)
Mar 16 15:10:53 nikita-GE60-2PL kernel: [    0.054507] ACPI: Dynamic OEM Table Load:
Mar 16 15:10:53 nikita-GE60-2PL kernel: [    0.054507] ACPI: SSDT 0xFFFF9E3525972000 0005AA (v01 PmRef  ApIst    00003000 INTL 20120711)
Mar 16 15:10:53 nikita-GE60-2PL kernel: [    0.054507] ACPI: Dynamic OEM Table Load:
Mar 16 15:10:53 nikita-GE60-2PL kernel: [    0.054507] ACPI: SSDT 0xFFFF9E3525A87E00 000119 (v01 PmRef  ApCst    00003000 INTL 20120711)
Mar 16 15:10:53 nikita-GE60-2PL kernel: [    0.057957] ACPI: EC: EC started
Mar 16 15:10:53 nikita-GE60-2PL kernel: [    0.057958] ACPI: EC: interrupt blocked
Mar 16 15:10:53 nikita-GE60-2PL kernel: [    0.057958] ACPI: \_SB_.PCI0.LPCB.EC__: Used as first EC
Mar 16 15:10:53 nikita-GE60-2PL kernel: [    0.057958] ACPI: \_SB_.PCI0.LPCB.EC__: GPE=0x17, EC_CMD/EC_SC=0x66, EC_DATA=0x62
Mar 16 15:10:53 nikita-GE60-2PL kernel: [    0.057958] ACPI: \_SB_.PCI0.LPCB.EC__: Used as boot DSDT EC to handle transactions
Mar 16 15:10:53 nikita-GE60-2PL kernel: [    0.057958] ACPI: Interpreter enabled
Mar 16 15:10:53 nikita-GE60-2PL kernel: [    0.057958] ACPI: (supports S0 S3 S4 S5)
Mar 16 15:10:53 nikita-GE60-2PL kernel: [    0.057958] ACPI: Using IOAPIC for interrupt routing
Mar 16 15:10:53 nikita-GE60-2PL kernel: [    0.057958] PCI: Using host bridge windows from ACPI; if necessary, use "pci=nocrs" and report a bug
Mar 16 15:10:53 nikita-GE60-2PL kernel: [    0.057958] ACPI: Enabled 6 GPEs in block 00 to 3F
Mar 16 15:10:53 nikita-GE60-2PL kernel: [    0.069951] ACPI: Power Resource [NVP3] (on)
Mar 16 15:10:53 nikita-GE60-2PL kernel: [    0.069973] ACPI: Power Resource [NVP2] (on)
Mar 16 15:10:53 nikita-GE60-2PL kernel: [    0.073886] ACPI: PCI Root Bridge [PCI0] (domain 0000 [bus 00-3e])
Mar 16 15:10:53 nikita-GE60-2PL kernel: [    0.125656] ACPI: PCI Interrupt Link [LNKA] (IRQs 3 4 5 6 10 11 12 14 15) *0, disabled.
Mar 16 15:10:53 nikita-GE60-2PL kernel: [    0.125709] ACPI: PCI Interrupt Link [LNKB] (IRQs 3 4 5 6 10 11 12 14 15) *0, disabled.
Mar 16 15:10:53 nikita-GE60-2PL kernel: [    0.125760] ACPI: PCI Interrupt Link [LNKC] (IRQs 3 4 5 6 10 11 12 14 15) *0, disabled.
Mar 16 15:10:53 nikita-GE60-2PL kernel: [    0.125811] ACPI: PCI Interrupt Link [LNKD] (IRQs 3 4 5 6 10 11 12 14 15) *0, disabled.
Mar 16 15:10:53 nikita-GE60-2PL kernel: [    0.125863] ACPI: PCI Interrupt Link [LNKE] (IRQs 3 4 5 6 10 11 12 14 15) *0, disabled.
Mar 16 15:10:53 nikita-GE60-2PL kernel: [    0.125913] ACPI: PCI Interrupt Link [LNKF] (IRQs 3 4 5 6 10 11 12 14 15) *0, disabled.
Mar 16 15:10:53 nikita-GE60-2PL kernel: [    0.125963] ACPI: PCI Interrupt Link [LNKG] (IRQs 3 4 5 6 10 11 12 14 15) *0, disabled.
Mar 16 15:10:53 nikita-GE60-2PL kernel: [    0.126014] ACPI: PCI Interrupt Link [LNKH] (IRQs 3 4 5 6 10 11 12 14 15) *0, disabled.
Mar 16 15:10:53 nikita-GE60-2PL kernel: [    0.126212] ACPI: EC: interrupt unblocked
Mar 16 15:10:53 nikita-GE60-2PL kernel: [    0.126217] ACPI: EC: event unblocked
Mar 16 15:10:53 nikita-GE60-2PL kernel: [    0.126222] ACPI: \_SB_.PCI0.LPCB.EC__: GPE=0x17, EC_CMD/EC_SC=0x66, EC_DATA=0x62
Mar 16 15:10:53 nikita-GE60-2PL kernel: [    0.126223] ACPI: \_SB_.PCI0.LPCB.EC__: Used as boot DSDT EC to handle transactions and events
Mar 16 15:10:53 nikita-GE60-2PL kernel: [    0.126386] ACPI: bus type USB registered
Mar 16 15:10:53 nikita-GE60-2PL kernel: [    0.129974] PCI: Using ACPI for IRQ routing
Mar 16 15:10:53 nikita-GE60-2PL kernel: [    0.139865] pnp: PnP ACPI init
Mar 16 15:10:53 nikita-GE60-2PL kernel: [    0.139973] system 00:00: Plug and Play ACPI device, IDs PNP0c01 (active)
Mar 16 15:10:53 nikita-GE60-2PL kernel: [    0.140176] system 00:01: Plug and Play ACPI device, IDs PNP0c02 (active)
Mar 16 15:10:53 nikita-GE60-2PL kernel: [    0.140195] pnp 00:02: Plug and Play ACPI device, IDs PNP0b00 (active)
Mar 16 15:10:53 nikita-GE60-2PL kernel: [    0.140237] system 00:03: Plug and Play ACPI device, IDs INT3f0d PNP0c02 (active)
Mar 16 15:10:53 nikita-GE60-2PL kernel: [    0.140280] system 00:04: Plug and Play ACPI device, IDs PNP0c02 (active)
Mar 16 15:10:53 nikita-GE60-2PL kernel: [    0.140753] pnp 00:05: Plug and Play ACPI device, IDs PNP030b (active)
Mar 16 15:10:53 nikita-GE60-2PL kernel: [    0.140797] pnp 00:06: Plug and Play ACPI device, IDs ETD0300 PNP0f13 (active)
Mar 16 15:10:53 nikita-GE60-2PL kernel: [    0.141432] system 00:07: Plug and Play ACPI device, IDs PNP0c02 (active)
Mar 16 15:10:53 nikita-GE60-2PL kernel: [    0.141725] pnp: PnP ACPI: found 8 devices
Mar 16 15:10:53 nikita-GE60-2PL kernel: [    0.571741] ACPI: AC Adapter [ADP1] (on-line)
Mar 16 15:10:53 nikita-GE60-2PL kernel: [    0.571816] ACPI: Lid Switch [LID0]
Mar 16 15:10:53 nikita-GE60-2PL kernel: [    0.571860] ACPI: Power Button [PWRB]
Mar 16 15:10:53 nikita-GE60-2PL kernel: [    0.571892] ACPI: Sleep Button [SLPB]
Mar 16 15:10:53 nikita-GE60-2PL kernel: [    0.571934] ACPI: Power Button [PWRF]
Mar 16 15:10:53 nikita-GE60-2PL kernel: [    0.573058] ACPI: Thermal Zone [THRM] (62 C)
Mar 16 15:10:53 nikita-GE60-2PL kernel: [    0.684138] ACPI: Battery Slot [BAT1] (battery present)
Mar 16 15:10:53 nikita-GE60-2PL kernel: [    1.391494] ata5.00: ACPI cmd ef/10:06:00:00:00:00 (SET FEATURES) succeeded
Mar 16 15:10:53 nikita-GE60-2PL kernel: [    1.391496] ata5.00: ACPI cmd f5/00:00:00:00:00:00 (SECURITY FREEZE LOCK) filtered out
Mar 16 15:10:53 nikita-GE60-2PL kernel: [    1.391499] ata5.00: ACPI cmd b1/c1:00:00:00:00:00 (DEVICE CONFIGURATION OVERLAY) filtered out
Mar 16 15:10:53 nikita-GE60-2PL kernel: [    1.392861] ata5.00: ACPI cmd ef/10:06:00:00:00:00 (SET FEATURES) succeeded
Mar 16 15:10:53 nikita-GE60-2PL kernel: [    1.392863] ata5.00: ACPI cmd f5/00:00:00:00:00:00 (SECURITY FREEZE LOCK) filtered out
Mar 16 15:10:53 nikita-GE60-2PL kernel: [    1.392865] ata5.00: ACPI cmd b1/c1:00:00:00:00:00 (DEVICE CONFIGURATION OVERLAY) filtered out
Mar 16 15:10:53 nikita-GE60-2PL kernel: [   22.186963] ACPI Warning: SystemIO range 0x0000000000001828-0x000000000000182F conflicts with OpRegion 0x0000000000001800-0x000000000000187F (\PMIO) (20170831/utaddress-247)
Mar 16 15:10:53 nikita-GE60-2PL kernel: [   22.186968] ACPI: If an ACPI driver is available for this device, you should use it instead of the native driver
Mar 16 15:10:53 nikita-GE60-2PL kernel: [   22.186971] ACPI Warning: SystemIO range 0x0000000000001C40-0x0000000000001C4F conflicts with OpRegion 0x0000000000001C00-0x0000000000001FFF (\GPR) (20170831/utaddress-247)
Mar 16 15:10:53 nikita-GE60-2PL kernel: [   22.186974] ACPI Warning: SystemIO range 0x0000000000001C40-0x0000000000001C4F conflicts with OpRegion 0x0000000000001C00-0x0000000000001C5F (\_SB.PCI0.PEG0.PEGP.GPR) (20170831/utaddress-247)
Mar 16 15:10:53 nikita-GE60-2PL kernel: [   22.186977] ACPI: If an ACPI driver is available for this device, you should use it instead of the native driver
Mar 16 15:10:53 nikita-GE60-2PL kernel: [   22.186978] ACPI Warning: SystemIO range 0x0000000000001C30-0x0000000000001C3F conflicts with OpRegion 0x0000000000001C00-0x0000000000001C3F (\GPRL) (20170831/utaddress-247)
Mar 16 15:10:53 nikita-GE60-2PL kernel: [   22.186980] ACPI Warning: SystemIO range 0x0000000000001C30-0x0000000000001C3F conflicts with OpRegion 0x0000000000001C00-0x0000000000001FFF (\GPR) (20170831/utaddress-247)
Mar 16 15:10:53 nikita-GE60-2PL kernel: [   22.186983] ACPI Warning: SystemIO range 0x0000000000001C30-0x0000000000001C3F conflicts with OpRegion 0x0000000000001C00-0x0000000000001C5F (\_SB.PCI0.PEG0.PEGP.GPR) (20170831/utaddress-247)
Mar 16 15:10:53 nikita-GE60-2PL kernel: [   22.186985] ACPI: If an ACPI driver is available for this device, you should use it instead of the native driver
Mar 16 15:10:53 nikita-GE60-2PL kernel: [   22.186986] ACPI Warning: SystemIO range 0x0000000000001C00-0x0000000000001C2F conflicts with OpRegion 0x0000000000001C00-0x0000000000001C3F (\GPRL) (20170831/utaddress-247)
Mar 16 15:10:53 nikita-GE60-2PL kernel: [   22.186988] ACPI Warning: SystemIO range 0x0000000000001C00-0x0000000000001C2F conflicts with OpRegion 0x0000000000001C00-0x0000000000001FFF (\GPR) (20170831/utaddress-247)
Mar 16 15:10:53 nikita-GE60-2PL kernel: [   22.186990] ACPI Warning: SystemIO range 0x0000000000001C00-0x0000000000001C2F conflicts with OpRegion 0x0000000000001C00-0x0000000000001C5F (\_SB.PCI0.PEG0.PEGP.GPR) (20170831/utaddress-247)
Mar 16 15:10:53 nikita-GE60-2PL kernel: [   22.186993] ACPI: If an ACPI driver is available for this device, you should use it instead of the native driver
Mar 16 15:10:53 nikita-GE60-2PL kernel: [   23.088365] [Firmware Bug]: ACPI(PEGP) defines _DOD but not _DOS
Mar 16 15:10:53 nikita-GE60-2PL kernel: [   23.089307] ACPI: Video Device [PEGP] (multi-head: yes  rom: yes  post: no)
Mar 16 15:10:53 nikita-GE60-2PL kernel: [   23.089313] ACPI Error: [\_SB_.PCI0.GFX0.DD02._BCL] Namespace lookup failure, AE_NOT_FOUND (20170831/psargs-364)
Mar 16 15:10:53 nikita-GE60-2PL kernel: [   23.089322] ACPI Error: Method parse/execution failed \_SB.PCI0.PEG0.PEGP.DD02._BCL, AE_NOT_FOUND (20170831/psparse-550)
Mar 16 15:10:53 nikita-GE60-2PL kernel: [   23.090520] ACPI: Video Device [GFX0] (multi-head: yes  rom: no  post: no)
Mar 16 15:10:53 nikita-GE60-2PL kernel: [   24.504590] ACPI Warning: \_SB.PCI0.PEG0.PEGP._DSM: Argument #4 type mismatch - Found [Buffer], ACPI requires [Package] (20170831/nsarguments-100)
Mar 16 15:11:00 nikita-GE60-2PL kernel: [   37.856467] ACPI: \_SB_.PCI0.PEG0.PEGP: failed to evaluate _DSM
Mar 16 15:11:08 nikita-GE60-2PL kernel: [   45.896389] ACPI: \_SB_.PCI0.PEG0.PEGP: failed to evaluate _DSM
Mar 16 12:11:59 nikita-GE60-2PL kernel: [   98.896402] ACPI: \_SB_.PCI0.PEG0.PEGP: failed to evaluate _DSM
Mar 23 12:39:04 nikita-GE60-2PL kernel: [    0.000000] BIOS-e820: [mem 0x00000000ba719000-0x00000000ba71ffff] ACPI NVS
Mar 23 12:39:04 nikita-GE60-2PL kernel: [    0.000000] BIOS-e820: [mem 0x00000000cb2e2000-0x00000000cb2fffff] ACPI data
Mar 23 12:39:04 nikita-GE60-2PL kernel: [    0.000000] BIOS-e820: [mem 0x00000000cb300000-0x00000000cb9a4fff] ACPI NVS
Mar 23 12:39:04 nikita-GE60-2PL kernel: [    0.000000] reserve setup_data: [mem 0x00000000ba719000-0x00000000ba71ffff] ACPI NVS
Mar 23 12:39:04 nikita-GE60-2PL kernel: [    0.000000] reserve setup_data: [mem 0x00000000cb2e2000-0x00000000cb2fffff] ACPI data
Mar 23 12:39:04 nikita-GE60-2PL kernel: [    0.000000] reserve setup_data: [mem 0x00000000cb300000-0x00000000cb9a4fff] ACPI NVS
Mar 23 12:39:04 nikita-GE60-2PL kernel: [    0.000000] efi:  ESRT=0xcbf6b918  ACPI=0xcb2e8000  ACPI 2.0=0xcb2e8000  SMBIOS=0xcbf6b398 
Mar 23 12:39:04 nikita-GE60-2PL kernel: [    0.000000] ACPI: Early table checksum verification disabled
Mar 23 12:39:04 nikita-GE60-2PL kernel: [    0.000000] ACPI: RSDP 0x00000000CB2E8000 000024 (v02 MSI_NB)
Mar 23 12:39:04 nikita-GE60-2PL kernel: [    0.000000] ACPI: XSDT 0x00000000CB2E8098 0000B4 (v01 MSI_NB MEGABOOK 01072009 AMI  00010013)
Mar 23 12:39:04 nikita-GE60-2PL kernel: [    0.000000] ACPI: FACP 0x00000000CB2F78D0 00010C (v05 MSI_NB MEGABOOK 01072009 AMI  00010013)
Mar 23 12:39:04 nikita-GE60-2PL kernel: [    0.000000] ACPI: DSDT 0x00000000CB2E81E0 00F6F0 (v02 MSI_NB MEGABOOK 00000014 INTL 20120711)
Mar 23 12:39:04 nikita-GE60-2PL kernel: [    0.000000] ACPI: FACS 0x00000000CB9A4F80 000040
Mar 23 12:39:04 nikita-GE60-2PL kernel: [    0.000000] ACPI: APIC 0x00000000CB2F79E0 000092 (v03 MSI_NB MEGABOOK 01072009 AMI  00010013)
Mar 23 12:39:04 nikita-GE60-2PL kernel: [    0.000000] ACPI: FPDT 0x00000000CB2F7A78 000044 (v01 MSI_NB MEGABOOK 01072009 AMI  00010013)
Mar 23 12:39:04 nikita-GE60-2PL kernel: [    0.000000] ACPI: ASF! 0x00000000CB2F7AC0 0000A5 (v32 INTEL   HCG     00000001 TFSM 000F4240)
Mar 23 12:39:04 nikita-GE60-2PL kernel: [    0.000000] ACPI: MSDM 0x00000000CB2F7B68 000055 (v03 MSI_NB MEGABOOK 01072009 AMI  00010013)
Mar 23 12:39:04 nikita-GE60-2PL kernel: [    0.000000] ACPI: SSDT 0x00000000CB2F7BC0 000228 (v01 INTEL  sensrhub 00000000 INTL 20120711)
Mar 23 12:39:04 nikita-GE60-2PL kernel: [    0.000000] ACPI: SLIC 0x00000000CB2F7DE8 000176 (v01 MSI_NB MEGABOOK 01072009 AMI  00010013)
Mar 23 12:39:04 nikita-GE60-2PL kernel: [    0.000000] ACPI: SSDT 0x00000000CB2F7F60 000539 (v01 PmRef  Cpu0Ist  00003000 INTL 20120711)
Mar 23 12:39:04 nikita-GE60-2PL kernel: [    0.000000] ACPI: SSDT 0x00000000CB2F84A0 000AD8 (v01 PmRef  CpuPm    00003000 INTL 20120711)
Mar 23 12:39:04 nikita-GE60-2PL kernel: [    0.000000] ACPI: MCFG 0x00000000CB2F8F78 00003C (v01 MSI_NB MEGABOOK 01072009 MSFT 00000097)
Mar 23 12:39:04 nikita-GE60-2PL kernel: [    0.000000] ACPI: HPET 0x00000000CB2F8FB8 000038 (v01 MSI_NB MEGABOOK 01072009 AMI. 00000005)
Mar 23 12:39:04 nikita-GE60-2PL kernel: [    0.000000] ACPI: SSDT 0x00000000CB2F8FF0 000315 (v01 SataRe SataTabl 00001000 INTL 20120711)
Mar 23 12:39:04 nikita-GE60-2PL kernel: [    0.000000] ACPI: SSDT 0x00000000CB2F9308 003562 (v01 SaSsdt SaSsdt   00003000 INTL 20091112)
Mar 23 12:39:04 nikita-GE60-2PL kernel: [    0.000000] ACPI: SSDT 0x00000000CB2FC870 00168A (v01 SgRef  SgPeg    00001000 INTL 20120711)
Mar 23 12:39:04 nikita-GE60-2PL kernel: [    0.000000] ACPI: MSFF 0x00000000CB2FDF00 000029 (v01 MSI_NB MEGABOOK 00000010 AMI  00010013)
Mar 23 12:39:04 nikita-GE60-2PL kernel: [    0.000000] ACPI: BGRT 0x00000000CB2FDF30 000038 (v00 MSI_NB MEGABOOK 01072009 AMI  00010013)
Mar 23 12:39:04 nikita-GE60-2PL kernel: [    0.000000] ACPI: DMAR 0x00000000CB2FDF68 0000B8 (v01 INTEL  HSW      00000001 INTL 00000001)
Mar 23 12:39:04 nikita-GE60-2PL kernel: [    0.000000] ACPI: SSDT 0x00000000CB2FE020 001431 (v01 OptRef OptTabl  00001000 INTL 20120711)
Mar 23 12:39:04 nikita-GE60-2PL kernel: [    0.000000] ACPI: Local APIC address 0xfee00000
Mar 23 12:39:04 nikita-GE60-2PL kernel: [    0.000000] ACPI: PM-Timer IO Port: 0x1808
Mar 23 12:39:04 nikita-GE60-2PL kernel: [    0.000000] ACPI: Local APIC address 0xfee00000
Mar 23 12:39:04 nikita-GE60-2PL kernel: [    0.000000] ACPI: LAPIC_NMI (acpi_id[0xff] high edge lint[0x1])
Mar 23 12:39:04 nikita-GE60-2PL kernel: [    0.000000] ACPI: INT_SRC_OVR (bus 0 bus_irq 0 global_irq 2 dfl dfl)
Mar 23 12:39:04 nikita-GE60-2PL kernel: [    0.000000] ACPI: INT_SRC_OVR (bus 0 bus_irq 9 global_irq 9 high level)
Mar 23 12:39:04 nikita-GE60-2PL kernel: [    0.000000] ACPI: IRQ0 used by override.
Mar 23 12:39:04 nikita-GE60-2PL kernel: [    0.000000] ACPI: IRQ9 used by override.
Mar 23 12:39:04 nikita-GE60-2PL kernel: [    0.000000] Using ACPI (MADT) for SMP configuration information
Mar 23 12:39:04 nikita-GE60-2PL kernel: [    0.000000] ACPI: HPET id: 0x8086a701 base: 0xfed00000
Mar 23 12:39:04 nikita-GE60-2PL kernel: [    0.000000] ACPI: Core revision 20170831
Mar 23 12:39:04 nikita-GE60-2PL kernel: [    0.000000] ACPI: 8 ACPI AML tables successfully acquired and loaded
Mar 23 12:39:04 nikita-GE60-2PL kernel: [    0.044522] PM: Registering ACPI NVS region [mem 0xba719000-0xba71ffff] (28672 bytes)
Mar 23 12:39:04 nikita-GE60-2PL kernel: [    0.044522] PM: Registering ACPI NVS region [mem 0xcb300000-0xcb9a4fff] (6967296 bytes)
Mar 23 12:39:04 nikita-GE60-2PL kernel: [    0.044522] ACPI FADT declares the system doesn't support PCIe ASPM, so disable it
Mar 23 12:39:04 nikita-GE60-2PL kernel: [    0.044522] ACPI: bus type PCI registered
Mar 23 12:39:04 nikita-GE60-2PL kernel: [    0.044522] acpiphp: ACPI Hot Plug PCI Controller Driver version: 0.5
Mar 23 12:39:04 nikita-GE60-2PL kernel: [    0.044929] ACPI: Added _OSI(Module Device)
Mar 23 12:39:04 nikita-GE60-2PL kernel: [    0.044929] ACPI: Added _OSI(Processor Device)
Mar 23 12:39:04 nikita-GE60-2PL kernel: [    0.044929] ACPI: Added _OSI(3.0 _SCP Extensions)
Mar 23 12:39:04 nikita-GE60-2PL kernel: [    0.044929] ACPI: Added _OSI(Processor Aggregator Device)
Mar 23 12:39:04 nikita-GE60-2PL kernel: [    0.044929] ACPI: Added _OSI(Linux-Dell-Video)
Mar 23 12:39:04 nikita-GE60-2PL kernel: [    0.044929] ACPI: Added _OSI(Linux-Lenovo-NV-HDMI-Audio)
Mar 23 12:39:04 nikita-GE60-2PL kernel: [    0.044929] ACPI: Added _OSI(Linux-HPI-Hybrid-Graphics)
Mar 23 12:39:04 nikita-GE60-2PL kernel: [    0.044929] ACPI: Executed 1 blocks of module-level executable AML code
Mar 23 12:39:04 nikita-GE60-2PL kernel: [    0.049738] ACPI Error: No handler for Region [EC__] (        (ptrval)) [EmbeddedControl] (20170831/evregion-166)
Mar 23 12:39:04 nikita-GE60-2PL kernel: [    0.049738] ACPI Error: Region EmbeddedControl (ID=3) has no handler (20170831/exfldio-299)
Mar 23 12:39:04 nikita-GE60-2PL kernel: [    0.049738] ACPI Error: Method parse/execution failed \_SB.PCI0.LPCB.EC._REG, AE_NOT_EXIST (20170831/psparse-550)
Mar 23 12:39:04 nikita-GE60-2PL kernel: [    0.049738] ACPI: [Firmware Bug]: BIOS _OSI(Linux) query ignored
Mar 23 12:39:04 nikita-GE60-2PL kernel: [    0.052137] ACPI: Dynamic OEM Table Load:
Mar 23 12:39:04 nikita-GE60-2PL kernel: [    0.052142] ACPI: SSDT 0xFFFF962CE5BFC800 0003D3 (v01 PmRef  Cpu0Cst  00003001 INTL 20120711)
Mar 23 12:39:04 nikita-GE60-2PL kernel: [    0.052300] ACPI: Dynamic OEM Table Load:
Mar 23 12:39:04 nikita-GE60-2PL kernel: [    0.052305] ACPI: SSDT 0xFFFF962CE5972800 0005AA (v01 PmRef  ApIst    00003000 INTL 20120711)
Mar 23 12:39:04 nikita-GE60-2PL kernel: [    0.052809] ACPI: Dynamic OEM Table Load:
Mar 23 12:39:04 nikita-GE60-2PL kernel: [    0.052809] ACPI: SSDT 0xFFFF962CE5BDE200 000119 (v01 PmRef  ApCst    00003000 INTL 20120711)
Mar 23 12:39:04 nikita-GE60-2PL kernel: [    0.053394] ACPI: EC: EC started
Mar 23 12:39:04 nikita-GE60-2PL kernel: [    0.053395] ACPI: EC: interrupt blocked
Mar 23 12:39:04 nikita-GE60-2PL kernel: [    0.055307] ACPI: \_SB_.PCI0.LPCB.EC__: Used as first EC
Mar 23 12:39:04 nikita-GE60-2PL kernel: [    0.055308] ACPI: \_SB_.PCI0.LPCB.EC__: GPE=0x17, EC_CMD/EC_SC=0x66, EC_DATA=0x62
Mar 23 12:39:04 nikita-GE60-2PL kernel: [    0.055309] ACPI: \_SB_.PCI0.LPCB.EC__: Used as boot DSDT EC to handle transactions
Mar 23 12:39:04 nikita-GE60-2PL kernel: [    0.055310] ACPI: Interpreter enabled
Mar 23 12:39:04 nikita-GE60-2PL kernel: [    0.055334] ACPI: (supports S0 S3 S4 S5)
Mar 23 12:39:04 nikita-GE60-2PL kernel: [    0.055335] ACPI: Using IOAPIC for interrupt routing
Mar 23 12:39:04 nikita-GE60-2PL kernel: [    0.055358] PCI: Using host bridge windows from ACPI; if necessary, use "pci=nocrs" and report a bug
Mar 23 12:39:04 nikita-GE60-2PL kernel: [    0.055660] ACPI: Enabled 6 GPEs in block 00 to 3F
Mar 23 12:39:04 nikita-GE60-2PL kernel: [    0.069216] ACPI: Power Resource [NVP3] (on)
Mar 23 12:39:04 nikita-GE60-2PL kernel: [    0.069237] ACPI: Power Resource [NVP2] (on)
Mar 23 12:39:04 nikita-GE60-2PL kernel: [    0.073134] ACPI: PCI Root Bridge [PCI0] (domain 0000 [bus 00-3e])
Mar 23 12:39:04 nikita-GE60-2PL kernel: [    0.125892] ACPI: PCI Interrupt Link [LNKA] (IRQs 3 4 5 6 10 11 12 14 15) *0, disabled.
Mar 23 12:39:04 nikita-GE60-2PL kernel: [    0.125956] ACPI: PCI Interrupt Link [LNKB] (IRQs 3 4 5 6 10 11 12 14 15) *0, disabled.
Mar 23 12:39:04 nikita-GE60-2PL kernel: [    0.126018] ACPI: PCI Interrupt Link [LNKC] (IRQs 3 4 5 6 10 11 12 14 15) *0, disabled.
Mar 23 12:39:04 nikita-GE60-2PL kernel: [    0.126081] ACPI: PCI Interrupt Link [LNKD] (IRQs 3 4 5 6 10 11 12 14 15) *0, disabled.
Mar 23 12:39:04 nikita-GE60-2PL kernel: [    0.126131] ACPI: PCI Interrupt Link [LNKE] (IRQs 3 4 5 6 10 11 12 14 15) *0, disabled.
Mar 23 12:39:04 nikita-GE60-2PL kernel: [    0.126182] ACPI: PCI Interrupt Link [LNKF] (IRQs 3 4 5 6 10 11 12 14 15) *0, disabled.
Mar 23 12:39:04 nikita-GE60-2PL kernel: [    0.126233] ACPI: PCI Interrupt Link [LNKG] (IRQs 3 4 5 6 10 11 12 14 15) *0, disabled.
Mar 23 12:39:04 nikita-GE60-2PL kernel: [    0.126283] ACPI: PCI Interrupt Link [LNKH] (IRQs 3 4 5 6 10 11 12 14 15) *0, disabled.
Mar 23 12:39:04 nikita-GE60-2PL kernel: [    0.126486] ACPI: EC: interrupt unblocked
Mar 23 12:39:04 nikita-GE60-2PL kernel: [    0.126491] ACPI: EC: event unblocked
Mar 23 12:39:04 nikita-GE60-2PL kernel: [    0.126496] ACPI: \_SB_.PCI0.LPCB.EC__: GPE=0x17, EC_CMD/EC_SC=0x66, EC_DATA=0x62
Mar 23 12:39:04 nikita-GE60-2PL kernel: [    0.126497] ACPI: \_SB_.PCI0.LPCB.EC__: Used as boot DSDT EC to handle transactions and events
Mar 23 12:39:04 nikita-GE60-2PL kernel: [    0.126651] ACPI: bus type USB registered
Mar 23 12:39:04 nikita-GE60-2PL kernel: [    0.130601] PCI: Using ACPI for IRQ routing
Mar 23 12:39:04 nikita-GE60-2PL kernel: [    0.139890] pnp: PnP ACPI init
Mar 23 12:39:04 nikita-GE60-2PL kernel: [    0.140000] system 00:00: Plug and Play ACPI device, IDs PNP0c01 (active)
Mar 23 12:39:04 nikita-GE60-2PL kernel: [    0.140204] system 00:01: Plug and Play ACPI device, IDs PNP0c02 (active)
Mar 23 12:39:04 nikita-GE60-2PL kernel: [    0.140221] pnp 00:02: Plug and Play ACPI device, IDs PNP0b00 (active)
Mar 23 12:39:04 nikita-GE60-2PL kernel: [    0.140263] system 00:03: Plug and Play ACPI device, IDs INT3f0d PNP0c02 (active)
Mar 23 12:39:04 nikita-GE60-2PL kernel: [    0.140307] system 00:04: Plug and Play ACPI device, IDs PNP0c02 (active)
Mar 23 12:39:04 nikita-GE60-2PL kernel: [    0.140751] pnp 00:05: Plug and Play ACPI device, IDs PNP030b (active)
Mar 23 12:39:04 nikita-GE60-2PL kernel: [    0.140789] pnp 00:06: Plug and Play ACPI device, IDs ETD0300 PNP0f13 (active)
Mar 23 12:39:04 nikita-GE60-2PL kernel: [    0.141475] system 00:07: Plug and Play ACPI device, IDs PNP0c02 (active)
Mar 23 12:39:04 nikita-GE60-2PL kernel: [    0.141787] pnp: PnP ACPI: found 8 devices
Mar 23 12:39:04 nikita-GE60-2PL kernel: [    0.567620] ACPI: AC Adapter [ADP1] (on-line)
Mar 23 12:39:04 nikita-GE60-2PL kernel: [    0.567684] ACPI: Lid Switch [LID0]
Mar 23 12:39:04 nikita-GE60-2PL kernel: [    0.567719] ACPI: Power Button [PWRB]
Mar 23 12:39:04 nikita-GE60-2PL kernel: [    0.567756] ACPI: Sleep Button [SLPB]
Mar 23 12:39:04 nikita-GE60-2PL kernel: [    0.567792] ACPI: Power Button [PWRF]
Mar 23 12:39:04 nikita-GE60-2PL kernel: [    0.568877] ACPI: Thermal Zone [THRM] (53 C)
Mar 23 12:39:04 nikita-GE60-2PL kernel: [    0.680098] ACPI: Battery Slot [BAT1] (battery present)
Mar 23 12:39:04 nikita-GE60-2PL kernel: [    1.395467] ata5.00: ACPI cmd ef/10:06:00:00:00:00 (SET FEATURES) succeeded
Mar 23 12:39:04 nikita-GE60-2PL kernel: [    1.395469] ata5.00: ACPI cmd f5/00:00:00:00:00:00 (SECURITY FREEZE LOCK) filtered out
Mar 23 12:39:04 nikita-GE60-2PL kernel: [    1.395471] ata5.00: ACPI cmd b1/c1:00:00:00:00:00 (DEVICE CONFIGURATION OVERLAY) filtered out
Mar 23 12:39:04 nikita-GE60-2PL kernel: [    1.396820] ata5.00: ACPI cmd ef/10:06:00:00:00:00 (SET FEATURES) succeeded
Mar 23 12:39:04 nikita-GE60-2PL kernel: [    1.396823] ata5.00: ACPI cmd f5/00:00:00:00:00:00 (SECURITY FREEZE LOCK) filtered out
Mar 23 12:39:04 nikita-GE60-2PL kernel: [    1.396825] ata5.00: ACPI cmd b1/c1:00:00:00:00:00 (DEVICE CONFIGURATION OVERLAY) filtered out
Mar 23 12:39:04 nikita-GE60-2PL kernel: [   13.969859] ACPI Warning: SystemIO range 0x0000000000001828-0x000000000000182F conflicts with OpRegion 0x0000000000001800-0x000000000000187F (\PMIO) (20170831/utaddress-247)
Mar 23 12:39:04 nikita-GE60-2PL kernel: [   13.969866] ACPI: If an ACPI driver is available for this device, you should use it instead of the native driver
Mar 23 12:39:04 nikita-GE60-2PL kernel: [   13.969868] ACPI Warning: SystemIO range 0x0000000000001C40-0x0000000000001C4F conflicts with OpRegion 0x0000000000001C00-0x0000000000001FFF (\GPR) (20170831/utaddress-247)
Mar 23 12:39:04 nikita-GE60-2PL kernel: [   13.969873] ACPI Warning: SystemIO range 0x0000000000001C40-0x0000000000001C4F conflicts with OpRegion 0x0000000000001C00-0x0000000000001C5F (\_SB.PCI0.PEG0.PEGP.GPR) (20170831/utaddress-247)
Mar 23 12:39:04 nikita-GE60-2PL kernel: [   13.969876] ACPI: If an ACPI driver is available for this device, you should use it instead of the native driver
Mar 23 12:39:04 nikita-GE60-2PL kernel: [   13.969877] ACPI Warning: SystemIO range 0x0000000000001C30-0x0000000000001C3F conflicts with OpRegion 0x0000000000001C00-0x0000000000001C3F (\GPRL) (20170831/utaddress-247)
Mar 23 12:39:04 nikita-GE60-2PL kernel: [   13.969880] ACPI Warning: SystemIO range 0x0000000000001C30-0x0000000000001C3F conflicts with OpRegion 0x0000000000001C00-0x0000000000001FFF (\GPR) (20170831/utaddress-247)
Mar 23 12:39:04 nikita-GE60-2PL kernel: [   13.969883] ACPI Warning: SystemIO range 0x0000000000001C30-0x0000000000001C3F conflicts with OpRegion 0x0000000000001C00-0x0000000000001C5F (\_SB.PCI0.PEG0.PEGP.GPR) (20170831/utaddress-247)
Mar 23 12:39:04 nikita-GE60-2PL kernel: [   13.969887] ACPI: If an ACPI driver is available for this device, you should use it instead of the native driver
Mar 23 12:39:04 nikita-GE60-2PL kernel: [   13.969887] ACPI Warning: SystemIO range 0x0000000000001C00-0x0000000000001C2F conflicts with OpRegion 0x0000000000001C00-0x0000000000001C3F (\GPRL) (20170831/utaddress-247)
Mar 23 12:39:04 nikita-GE60-2PL kernel: [   13.969890] ACPI Warning: SystemIO range 0x0000000000001C00-0x0000000000001C2F conflicts with OpRegion 0x0000000000001C00-0x0000000000001FFF (\GPR) (20170831/utaddress-247)
Mar 23 12:39:04 nikita-GE60-2PL kernel: [   13.969894] ACPI Warning: SystemIO range 0x0000000000001C00-0x0000000000001C2F conflicts with OpRegion 0x0000000000001C00-0x0000000000001C5F (\_SB.PCI0.PEG0.PEGP.GPR) (20170831/utaddress-247)
Mar 23 12:39:04 nikita-GE60-2PL kernel: [   13.969897] ACPI: If an ACPI driver is available for this device, you should use it instead of the native driver
Mar 23 12:39:04 nikita-GE60-2PL kernel: [   16.032253] ACPI Warning: \_SB.PCI0.PEG0.PEGP._DSM: Argument #4 type mismatch - Found [Buffer], ACPI requires [Package] (20170831/nsarguments-100)
Mar 23 12:39:04 nikita-GE60-2PL kernel: [   17.457797] [Firmware Bug]: ACPI(PEGP) defines _DOD but not _DOS
Mar 23 12:39:04 nikita-GE60-2PL kernel: [   17.458618] ACPI: Video Device [PEGP] (multi-head: yes  rom: yes  post: no)
Mar 23 12:39:04 nikita-GE60-2PL kernel: [   17.458623] ACPI Error: [\_SB_.PCI0.GFX0.DD02._BCL] Namespace lookup failure, AE_NOT_FOUND (20170831/psargs-364)
Mar 23 12:39:04 nikita-GE60-2PL kernel: [   17.458633] ACPI Error: Method parse/execution failed \_SB.PCI0.PEG0.PEGP.DD02._BCL, AE_NOT_FOUND (20170831/psparse-550)
Mar 23 12:39:04 nikita-GE60-2PL kernel: [   17.459808] ACPI: Video Device [GFX0] (multi-head: yes  rom: no  post: no)
Mar 23 12:39:04 nikita-GE60-2PL kernel: [   23.004457] ACPI: \_SB_.PCI0.PEG0.PEGP: failed to evaluate _DSM
Mar 23 12:39:07 nikita-GE60-2PL kernel: [   31.912417] ACPI: \_SB_.PCI0.PEG0.PEGP: failed to evaluate _DSM
Mar 23 12:39:26 nikita-GE60-2PL kernel: [   50.908399] ACPI: \_SB_.PCI0.PEG0.PEGP: failed to evaluate _DSM
Mar 23 09:39:36 nikita-GE60-2PL kernel: [   73.948632] ACPI: \_SB_.PCI0.PEG0.PEGP: failed to evaluate _DSM
Двоичный файл /var/log/journal/500d4de9974a4c39b2089aa9a0622d13/system@eec7b828e8ca4d10a0c6439548f51959-0000000000008f8f-0005816dd27f7d3f.journal совпадает
Двоичный файл /var/log/journal/500d4de9974a4c39b2089aa9a0622d13/system@000581ffe73f137a-5af7abbc2fd6c67f.journal~ совпадает
Двоичный файл /var/log/journal/500d4de9974a4c39b2089aa9a0622d13/system@36cb3e45e79445789bf1faed4e08d70f-0000000000000001-000583a7e371c0a6.journal совпадает
Двоичный файл /var/log/journal/500d4de9974a4c39b2089aa9a0622d13/system@b48588296ef2471fbefb41efebaae7b2-000000000000062b-000581fd661c739a.journal совпадает
Двоичный файл /var/log/journal/500d4de9974a4c39b2089aa9a0622d13/system@e0dc17034fc14b889c7e719fa990ca9d-0000000000000636-00058427221bcc4d.journal совпадает
Двоичный файл /var/log/journal/500d4de9974a4c39b2089aa9a0622d13/system@eec7b828e8ca4d10a0c6439548f51959-0000000000000001-00057e3000c067a3.journal совпадает
Двоичный файл /var/log/journal/500d4de9974a4c39b2089aa9a0622d13/system@b48588296ef2471fbefb41efebaae7b2-0000000000000001-000581ffe732639a.journal совпадает
Двоичный файл /var/log/journal/500d4de9974a4c39b2089aa9a0622d13/system@00058429a4472b5f-b1982da6a0fa6449.journal~ совпадает
Двоичный файл /var/log/journal/500d4de9974a4c39b2089aa9a0622d13/system@e0dc17034fc14b889c7e719fa990ca9d-0000000000000dab-0005843289ee3d54.journal совпадает
Двоичный файл /var/log/journal/500d4de9974a4c39b2089aa9a0622d13/system@eec7b828e8ca4d10a0c6439548f51959-0000000000008770-00057eb59cb70dac.journal совпадает
Двоичный файл /var/log/journal/500d4de9974a4c39b2089aa9a0622d13/system@eec7b828e8ca4d10a0c6439548f51959-0000000000006b13-00057e422ceb910a.journal совпадает
Двоичный файл /var/log/journal/500d4de9974a4c39b2089aa9a0622d13/system@eec7b828e8ca4d10a0c6439548f51959-0000000000009257-0005816b51bc5135.journal совпадает
Двоичный файл /var/log/journal/500d4de9974a4c39b2089aa9a0622d13/system@000583a7e379a621-524ff9a41aaaf6c9.journal~ совпадает
Двоичный файл /var/log/journal/500d4de9974a4c39b2089aa9a0622d13/system@e0dc17034fc14b889c7e719fa990ca9d-0000000000000001-00058429a37ed3c0.journal совпадает
Двоичный файл /var/log/journal/500d4de9974a4c39b2089aa9a0622d13/system@b48588296ef2471fbefb41efebaae7b2-0000000000013b02-000583086630d3e5.journal совпадает
Двоичный файл /var/log/journal/500d4de9974a4c39b2089aa9a0622d13/system.journal совпадает
